/home/zy/miniconda3/envs/llama_factory/lib/python3.10/site-packages/diffusers/configuration_utils.py:250: FutureWarning: It is deprecated to pass a pretrained model name or path to `from_config`.If you were trying to load a model, please use <class 'wan.modules.causal_model.CausalWanModel'>.load_config(...) followed by <class 'wan.modules.causal_model.CausalWanModel'>.from_config(...) instead. Otherwise, please make sure to pass a configuration dictionary instead. This functionality will be removed in v1.0.0.
  deprecate("config-passed-as-path", "1.0.0", deprecation_message, standard_warn=False)
The config attributes {'inject_sample_info': False} were passed to CausalWanModel, but are not expected and will be ignored. Please verify your config.json configuration file.
/home/zy/Matrix-Game/Matrix-Game-2/inference.py:55: FutureWarning: You are using `torch.load` with `weights_only=False` (the current default value), which uses the default pickle module implicitly. It is possible to construct malicious pickle data which will execute arbitrary code during unpickling (See https://github.com/pytorch/pytorch/blob/main/SECURITY.md#untrusted-models for more details). In a future release, the default value for `weights_only` will be flipped to `True`. This limits the functions that could be executed during unpickling. Arbitrary objects will no longer be allowed to be loaded via this mode unless they are explicitly allowlisted by the user via `torch.serialization.add_safe_globals`. We recommend you start setting `weights_only=True` for any use case where you don't have full control of the loaded file. Please open an issue on GitHub for any issues related to this experimental feature.
  vae_state_dict = torch.load(os.path.join(self.args.pretrained_model_path, "Wan2.1_VAE.pth"), map_location="cpu")
/home/zy/Matrix-Game/Matrix-Game-2/wan/vae/wanx_vae_src/vae.py:627: FutureWarning: You are using `torch.load` with `weights_only=False` (the current default value), which uses the default pickle module implicitly. It is possible to construct malicious pickle data which will execute arbitrary code during unpickling (See https://github.com/pytorch/pytorch/blob/main/SECURITY.md#untrusted-models for more details). In a future release, the default value for `weights_only` will be flipped to `True`. This limits the functions that could be executed during unpickling. Arbitrary objects will no longer be allowed to be loaded via this mode unless they are explicitly allowlisted by the user via `torch.serialization.add_safe_globals`. We recommend you start setting `weights_only=True` for any use case where you don't have full control of the loaded file. Please open an issue on GitHub for any issues related to this experimental feature.
  self.model.load_state_dict(torch.load(pretrained_path, map_location="cpu"), assign=True)
/home/zy/Matrix-Game/Matrix-Game-2/wan/vae/wanx_vae_src/clip.py:523: FutureWarning: You are using `torch.load` with `weights_only=False` (the current default value), which uses the default pickle module implicitly. It is possible to construct malicious pickle data which will execute arbitrary code during unpickling (See https://github.com/pytorch/pytorch/blob/main/SECURITY.md#untrusted-models for more details). In a future release, the default value for `weights_only` will be flipped to `True`. This limits the functions that could be executed during unpickling. Arbitrary objects will no longer be allowed to be loaded via this mode unless they are explicitly allowlisted by the user via `torch.serialization.add_safe_globals`. We recommend you start setting `weights_only=True` for any use case where you don't have full control of the loaded file. Please open an issue on GitHub for any issues related to this experimental feature.
  torch.load(checkpoint_path, map_location='cpu'))
/home/zy/miniconda3/envs/llama_factory/lib/python3.10/site-packages/torchvision/transforms/v2/_deprecated.py:42: UserWarning: The transform `ToTensor()` is deprecated and will be removed in a future release. Instead, please use `v2.Compose([v2.ToImage(), v2.ToDtype(torch.float32, scale=True)])`.Output is equivalent up to float precision.
  warnings.warn(
configs/distilled_model/universal
KV inference with 3 frames per block
Loading Pretrained Model...
  0%|          | 0/50 [00:00<?, ?it/s]E0901 17:03:13.204000 1343781 site-packages/torch/_inductor/select_algorithm.py:1503] [1/0] Runtime error during autotuning: 
E0901 17:03:13.204000 1343781 site-packages/torch/_inductor/select_algorithm.py:1503] [1/0] permute(sparse_coo): number of dimensions in the tensor input does not match the length of the desired ordering of dimensions i.e. input.dim() = 5 is not equal to len(dims) = 4. 
E0901 17:03:13.204000 1343781 site-packages/torch/_inductor/select_algorithm.py:1503] [1/0] Ignoring this choice.
AUTOTUNE convolution(1x16x3x44x80, 16x16x1x1x1)
  triton_convolution3d_0 0.0051 ms 100.0% ALLOW_TF32=True, BLOCK_K=16, BLOCK_M=64, BLOCK_N=16, GROUPS=1, KERNEL_D=1, KERNEL_H=1, KERNEL_W=1, PADDING_D=0, PADDING_H=0, PADDING_W=0, STRIDE_D=1, STRIDE_H=1, STRIDE_W=1, UNROLL=True, num_stages=2, num_warps=4
  triton_convolution3d_1 0.0051 ms 100.0% ALLOW_TF32=True, BLOCK_K=16, BLOCK_M=256, BLOCK_N=16, GROUPS=1, KERNEL_D=1, KERNEL_H=1, KERNEL_W=1, PADDING_D=0, PADDING_H=0, PADDING_W=0, STRIDE_D=1, STRIDE_H=1, STRIDE_W=1, UNROLL=True, num_stages=2, num_warps=4
  triton_convolution3d_3 0.0051 ms 100.0% ALLOW_TF32=True, BLOCK_K=16, BLOCK_M=128, BLOCK_N=16, GROUPS=1, KERNEL_D=1, KERNEL_H=1, KERNEL_W=1, PADDING_D=0, PADDING_H=0, PADDING_W=0, STRIDE_D=1, STRIDE_H=1, STRIDE_W=1, UNROLL=True, num_stages=2, num_warps=8
  triton_convolution3d_4 0.0051 ms 100.0% ALLOW_TF32=True, BLOCK_K=16, BLOCK_M=256, BLOCK_N=16, GROUPS=1, KERNEL_D=1, KERNEL_H=1, KERNEL_W=1, PADDING_D=0, PADDING_H=0, PADDING_W=0, STRIDE_D=1, STRIDE_H=1, STRIDE_W=1, UNROLL=True, num_stages=2, num_warps=8
  convolution 0.0061 ms 83.3% 
  triton_convolution3d_2 0.0061 ms 83.3% ALLOW_TF32=True, BLOCK_K=16, BLOCK_M=1024, BLOCK_N=16, GROUPS=1, KERNEL_D=1, KERNEL_H=1, KERNEL_W=1, PADDING_D=0, PADDING_H=0, PADDING_W=0, STRIDE_D=1, STRIDE_H=1, STRIDE_W=1, UNROLL=True, num_stages=1, num_warps=8
  conv1x1_via_mm inf ms 0.0% 
SingleProcess AUTOTUNE benchmarking takes 0.6507 seconds and 0.0744 seconds precompiling
AUTOTUNE convolution(1x96x3x354x642, 96x96x3x3x3)
  convolution 1.4092 ms 100.0% 
  triton_convolution3d_254 2.0122 ms 70.0% ALLOW_TF32=True, BLOCK_K=16, BLOCK_M=256, BLOCK_N=64, GROUPS=1, KERNEL_D=3, KERNEL_H=3, KERNEL_W=3, PADDING_D=0, PADDING_H=0, PADDING_W=0, STRIDE_D=1, STRIDE_H=1, STRIDE_W=1, UNROLL=False, num_stages=2, num_warps=4
  triton_convolution3d_259 2.4934 ms 56.5% ALLOW_TF32=True, BLOCK_K=32, BLOCK_M=256, BLOCK_N=64, GROUPS=1, KERNEL_D=3, KERNEL_H=3, KERNEL_W=3, PADDING_D=0, PADDING_H=0, PADDING_W=0, STRIDE_D=1, STRIDE_H=1, STRIDE_W=1, UNROLL=False, num_stages=2, num_warps=8
  triton_convolution3d_255 3.0751 ms 45.8% ALLOW_TF32=True, BLOCK_K=16, BLOCK_M=1024, BLOCK_N=16, GROUPS=1, KERNEL_D=3, KERNEL_H=3, KERNEL_W=3, PADDING_D=0, PADDING_H=0, PADDING_W=0, STRIDE_D=1, STRIDE_H=1, STRIDE_W=1, UNROLL=False, num_stages=1, num_warps=8
  triton_convolution3d_256 3.5738 ms 39.4% ALLOW_TF32=True, BLOCK_K=32, BLOCK_M=128, BLOCK_N=128, GROUPS=1, KERNEL_D=3, KERNEL_H=3, KERNEL_W=3, PADDING_D=0, PADDING_H=0, PADDING_W=0, STRIDE_D=1, STRIDE_H=1, STRIDE_W=1, UNROLL=False, num_stages=2, num_warps=8
  triton_convolution3d_258 6.1228 ms 23.0% ALLOW_TF32=True, BLOCK_K=32, BLOCK_M=64, BLOCK_N=128, GROUPS=1, KERNEL_D=3, KERNEL_H=3, KERNEL_W=3, PADDING_D=0, PADDING_H=0, PADDING_W=0, STRIDE_D=1, STRIDE_H=1, STRIDE_W=1, UNROLL=False, num_stages=2, num_warps=8
  triton_convolution3d_253 6.2966 ms 22.4% ALLOW_TF32=True, BLOCK_K=16, BLOCK_M=64, BLOCK_N=128, GROUPS=1, KERNEL_D=3, KERNEL_H=3, KERNEL_W=3, PADDING_D=0, PADDING_H=0, PADDING_W=0, STRIDE_D=1, STRIDE_H=1, STRIDE_W=1, UNROLL=False, num_stages=2, num_warps=4
  triton_convolution3d_257 6.3867 ms 22.1% ALLOW_TF32=True, BLOCK_K=32, BLOCK_M=64, BLOCK_N=64, GROUPS=1, KERNEL_D=3, KERNEL_H=3, KERNEL_W=3, PADDING_D=0, PADDING_H=0, PADDING_W=0, STRIDE_D=1, STRIDE_H=1, STRIDE_W=1, UNROLL=False, num_stages=2, num_warps=4
SingleProcess AUTOTUNE benchmarking takes 1.1520 seconds and 0.0053 seconds precompiling
AUTOTUNE convolution(1x192x3x178x322, 192x192x3x3x3)
  convolution 1.0831 ms 100.0% 
  triton_convolution3d_205 1.9744 ms 54.9% ALLOW_TF32=True, BLOCK_K=16, BLOCK_M=256, BLOCK_N=64, GROUPS=1, KERNEL_D=3, KERNEL_H=3, KERNEL_W=3, PADDING_D=0, PADDING_H=0, PADDING_W=0, STRIDE_D=1, STRIDE_H=1, STRIDE_W=1, UNROLL=False, num_stages=2, num_warps=4
  triton_convolution3d_210 2.5610 ms 42.3% ALLOW_TF32=True, BLOCK_K=32, BLOCK_M=256, BLOCK_N=64, GROUPS=1, KERNEL_D=3, KERNEL_H=3, KERNEL_W=3, PADDING_D=0, PADDING_H=0, PADDING_W=0, STRIDE_D=1, STRIDE_H=1, STRIDE_W=1, UNROLL=False, num_stages=2, num_warps=8
  triton_convolution3d_206 3.0812 ms 35.2% ALLOW_TF32=True, BLOCK_K=16, BLOCK_M=1024, BLOCK_N=16, GROUPS=1, KERNEL_D=3, KERNEL_H=3, KERNEL_W=3, PADDING_D=0, PADDING_H=0, PADDING_W=0, STRIDE_D=1, STRIDE_H=1, STRIDE_W=1, UNROLL=False, num_stages=1, num_warps=8
  triton_convolution3d_207 3.3884 ms 32.0% ALLOW_TF32=True, BLOCK_K=32, BLOCK_M=128, BLOCK_N=128, GROUPS=1, KERNEL_D=3, KERNEL_H=3, KERNEL_W=3, PADDING_D=0, PADDING_H=0, PADDING_W=0, STRIDE_D=1, STRIDE_H=1, STRIDE_W=1, UNROLL=False, num_stages=2, num_warps=8
  triton_convolution3d_209 5.8962 ms 18.4% ALLOW_TF32=True, BLOCK_K=32, BLOCK_M=64, BLOCK_N=256, GROUPS=1, KERNEL_D=3, KERNEL_H=3, KERNEL_W=3, PADDING_D=0, PADDING_H=0, PADDING_W=0, STRIDE_D=1, STRIDE_H=1, STRIDE_W=1, UNROLL=False, num_stages=2, num_warps=8
  triton_convolution3d_208 6.1204 ms 17.7% ALLOW_TF32=True, BLOCK_K=32, BLOCK_M=64, BLOCK_N=64, GROUPS=1, KERNEL_D=3, KERNEL_H=3, KERNEL_W=3, PADDING_D=0, PADDING_H=0, PADDING_W=0, STRIDE_D=1, STRIDE_H=1, STRIDE_W=1, UNROLL=False, num_stages=2, num_warps=4
  triton_convolution3d_204 7.9299 ms 13.7% ALLOW_TF32=True, BLOCK_K=16, BLOCK_M=64, BLOCK_N=256, GROUPS=1, KERNEL_D=3, KERNEL_H=3, KERNEL_W=3, PADDING_D=0, PADDING_H=0, PADDING_W=0, STRIDE_D=1, STRIDE_H=1, STRIDE_W=1, UNROLL=False, num_stages=2, num_warps=4
SingleProcess AUTOTUNE benchmarking takes 1.1598 seconds and 0.0003 seconds precompiling
AUTOTUNE convolution(1x384x3x90x162, 384x384x3x3x3)
  convolution 0.8663 ms 100.0% 
  triton_convolution3d_161 2.3641 ms 36.6% ALLOW_TF32=True, BLOCK_K=32, BLOCK_M=256, BLOCK_N=64, GROUPS=1, KERNEL_D=3, KERNEL_H=3, KERNEL_W=3, PADDING_D=0, PADDING_H=0, PADDING_W=0, STRIDE_D=1, STRIDE_H=1, STRIDE_W=1, UNROLL=False, num_stages=2, num_warps=8
  triton_convolution3d_156 2.3828 ms 36.4% ALLOW_TF32=True, BLOCK_K=16, BLOCK_M=256, BLOCK_N=64, GROUPS=1, KERNEL_D=3, KERNEL_H=3, KERNEL_W=3, PADDING_D=0, PADDING_H=0, PADDING_W=0, STRIDE_D=1, STRIDE_H=1, STRIDE_W=1, UNROLL=False, num_stages=2, num_warps=4
  triton_convolution3d_157 2.9327 ms 29.5% ALLOW_TF32=True, BLOCK_K=16, BLOCK_M=1024, BLOCK_N=16, GROUPS=1, KERNEL_D=3, KERNEL_H=3, KERNEL_W=3, PADDING_D=0, PADDING_H=0, PADDING_W=0, STRIDE_D=1, STRIDE_H=1, STRIDE_W=1, UNROLL=False, num_stages=1, num_warps=8
  triton_convolution3d_158 3.7202 ms 23.3% ALLOW_TF32=True, BLOCK_K=32, BLOCK_M=128, BLOCK_N=128, GROUPS=1, KERNEL_D=3, KERNEL_H=3, KERNEL_W=3, PADDING_D=0, PADDING_H=0, PADDING_W=0, STRIDE_D=1, STRIDE_H=1, STRIDE_W=1, UNROLL=False, num_stages=2, num_warps=8
  triton_convolution3d_160 6.0758 ms 14.3% ALLOW_TF32=True, BLOCK_K=32, BLOCK_M=64, BLOCK_N=256, GROUPS=1, KERNEL_D=3, KERNEL_H=3, KERNEL_W=3, PADDING_D=0, PADDING_H=0, PADDING_W=0, STRIDE_D=1, STRIDE_H=1, STRIDE_W=1, UNROLL=False, num_stages=2, num_warps=8
  triton_convolution3d_159 6.3867 ms 13.6% ALLOW_TF32=True, BLOCK_K=32, BLOCK_M=64, BLOCK_N=64, GROUPS=1, KERNEL_D=3, KERNEL_H=3, KERNEL_W=3, PADDING_D=0, PADDING_H=0, PADDING_W=0, STRIDE_D=1, STRIDE_H=1, STRIDE_W=1, UNROLL=False, num_stages=2, num_warps=4
  triton_convolution3d_155 7.9061 ms 11.0% ALLOW_TF32=True, BLOCK_K=16, BLOCK_M=64, BLOCK_N=256, GROUPS=1, KERNEL_D=3, KERNEL_H=3, KERNEL_W=3, PADDING_D=0, PADDING_H=0, PADDING_W=0, STRIDE_D=1, STRIDE_H=1, STRIDE_W=1, UNROLL=False, num_stages=2, num_warps=4
SingleProcess AUTOTUNE benchmarking takes 1.1607 seconds and 0.0003 seconds precompiling
AUTOTUNE convolution(1x384x88x160, 192x384x3x3)
  convolution 0.1772 ms 100.0% 
  triton_convolution2d_124 0.1884 ms 94.0% ALLOW_TF32=True, BLOCK_K=32, BLOCK_M=64, BLOCK_N=64, GROUPS=1, KERNEL_H=3, KERNEL_W=3, PADDING_H=1, PADDING_W=1, STRIDE_H=1, STRIDE_W=1, UNROLL=False, num_stages=2, num_warps=4
  triton_convolution2d_121 0.2140 ms 82.8% ALLOW_TF32=True, BLOCK_K=16, BLOCK_M=256, BLOCK_N=64, GROUPS=1, KERNEL_H=3, KERNEL_W=3, PADDING_H=1, PADDING_W=1, STRIDE_H=1, STRIDE_W=1, UNROLL=False, num_stages=2, num_warps=4
  triton_convolution2d_125 0.2294 ms 77.2% ALLOW_TF32=True, BLOCK_K=32, BLOCK_M=64, BLOCK_N=256, GROUPS=1, KERNEL_H=3, KERNEL_W=3, PADDING_H=1, PADDING_W=1, STRIDE_H=1, STRIDE_W=1, UNROLL=False, num_stages=2, num_warps=8
  triton_convolution2d_120 0.2386 ms 74.2% ALLOW_TF32=True, BLOCK_K=16, BLOCK_M=64, BLOCK_N=256, GROUPS=1, KERNEL_H=3, KERNEL_W=3, PADDING_H=1, PADDING_W=1, STRIDE_H=1, STRIDE_W=1, UNROLL=False, num_stages=2, num_warps=4
  triton_convolution2d_123 0.2388 ms 74.2% ALLOW_TF32=True, BLOCK_K=32, BLOCK_M=128, BLOCK_N=128, GROUPS=1, KERNEL_H=3, KERNEL_W=3, PADDING_H=1, PADDING_W=1, STRIDE_H=1, STRIDE_W=1, UNROLL=False, num_stages=2, num_warps=8
  triton_convolution2d_126 0.2458 ms 72.1% ALLOW_TF32=True, BLOCK_K=32, BLOCK_M=256, BLOCK_N=64, GROUPS=1, KERNEL_H=3, KERNEL_W=3, PADDING_H=1, PADDING_W=1, STRIDE_H=1, STRIDE_W=1, UNROLL=False, num_stages=2, num_warps=8
  triton_convolution2d_122 0.5946 ms 29.8% ALLOW_TF32=True, BLOCK_K=16, BLOCK_M=1024, BLOCK_N=16, GROUPS=1, KERNEL_H=3, KERNEL_W=3, PADDING_H=1, PADDING_W=1, STRIDE_H=1, STRIDE_W=1, UNROLL=False, num_stages=1, num_warps=8
SingleProcess AUTOTUNE benchmarking takes 0.9199 seconds and 0.0003 seconds precompiling
AUTOTUNE convolution(1x384x3x46x82, 384x384x3x3x3)
  convolution 0.3041 ms 100.0% 
  triton_convolution3d_91 0.7117 ms 42.7% ALLOW_TF32=True, BLOCK_K=32, BLOCK_M=256, BLOCK_N=64, GROUPS=1, KERNEL_D=3, KERNEL_H=3, KERNEL_W=3, PADDING_D=0, PADDING_H=0, PADDING_W=0, STRIDE_D=1, STRIDE_H=1, STRIDE_W=1, UNROLL=False, num_stages=2, num_warps=8
  triton_convolution3d_86 0.9093 ms 33.4% ALLOW_TF32=True, BLOCK_K=16, BLOCK_M=256, BLOCK_N=64, GROUPS=1, KERNEL_D=3, KERNEL_H=3, KERNEL_W=3, PADDING_D=0, PADDING_H=0, PADDING_W=0, STRIDE_D=1, STRIDE_H=1, STRIDE_W=1, UNROLL=False, num_stages=2, num_warps=4
  triton_convolution3d_87 0.9226 ms 33.0% ALLOW_TF32=True, BLOCK_K=16, BLOCK_M=1024, BLOCK_N=16, GROUPS=1, KERNEL_D=3, KERNEL_H=3, KERNEL_W=3, PADDING_D=0, PADDING_H=0, PADDING_W=0, STRIDE_D=1, STRIDE_H=1, STRIDE_W=1, UNROLL=False, num_stages=1, num_warps=8
  triton_convolution3d_88 1.1069 ms 27.5% ALLOW_TF32=True, BLOCK_K=32, BLOCK_M=128, BLOCK_N=128, GROUPS=1, KERNEL_D=3, KERNEL_H=3, KERNEL_W=3, PADDING_D=0, PADDING_H=0, PADDING_W=0, STRIDE_D=1, STRIDE_H=1, STRIDE_W=1, UNROLL=False, num_stages=2, num_warps=8
  triton_convolution3d_89 1.5377 ms 19.8% ALLOW_TF32=True, BLOCK_K=32, BLOCK_M=64, BLOCK_N=64, GROUPS=1, KERNEL_D=3, KERNEL_H=3, KERNEL_W=3, PADDING_D=0, PADDING_H=0, PADDING_W=0, STRIDE_D=1, STRIDE_H=1, STRIDE_W=1, UNROLL=False, num_stages=2, num_warps=4
  triton_convolution3d_90 1.6927 ms 18.0% ALLOW_TF32=True, BLOCK_K=32, BLOCK_M=64, BLOCK_N=256, GROUPS=1, KERNEL_D=3, KERNEL_H=3, KERNEL_W=3, PADDING_D=0, PADDING_H=0, PADDING_W=0, STRIDE_D=1, STRIDE_H=1, STRIDE_W=1, UNROLL=False, num_stages=2, num_warps=8
  triton_convolution3d_85 3.1396 ms 9.7% ALLOW_TF32=True, BLOCK_K=16, BLOCK_M=64, BLOCK_N=256, GROUPS=1, KERNEL_D=3, KERNEL_H=3, KERNEL_W=3, PADDING_D=0, PADDING_H=0, PADDING_W=0, STRIDE_D=1, STRIDE_H=1, STRIDE_W=1, UNROLL=False, num_stages=2, num_warps=4
SingleProcess AUTOTUNE benchmarking takes 1.0197 seconds and 0.0002 seconds precompiling
AUTOTUNE convolution(1x96x3x354x642, 3x96x3x3x3)
  triton_convolution3d_277 0.4475 ms 100.0% ALLOW_TF32=True, BLOCK_K=32, BLOCK_M=128, BLOCK_N=16, GROUPS=1, KERNEL_D=3, KERNEL_H=3, KERNEL_W=3, PADDING_D=0, PADDING_H=0, PADDING_W=0, STRIDE_D=1, STRIDE_H=1, STRIDE_W=1, UNROLL=False, num_stages=2, num_warps=8
  triton_convolution3d_279 0.4647 ms 96.3% ALLOW_TF32=True, BLOCK_K=32, BLOCK_M=256, BLOCK_N=16, GROUPS=1, KERNEL_D=3, KERNEL_H=3, KERNEL_W=3, PADDING_D=0, PADDING_H=0, PADDING_W=0, STRIDE_D=1, STRIDE_H=1, STRIDE_W=1, UNROLL=False, num_stages=2, num_warps=8
  triton_convolution3d_278 0.4772 ms 93.8% ALLOW_TF32=True, BLOCK_K=32, BLOCK_M=64, BLOCK_N=16, GROUPS=1, KERNEL_D=3, KERNEL_H=3, KERNEL_W=3, PADDING_D=0, PADDING_H=0, PADDING_W=0, STRIDE_D=1, STRIDE_H=1, STRIDE_W=1, UNROLL=False, num_stages=2, num_warps=4
  triton_convolution3d_274 0.5192 ms 86.2% ALLOW_TF32=True, BLOCK_K=16, BLOCK_M=64, BLOCK_N=16, GROUPS=1, KERNEL_D=3, KERNEL_H=3, KERNEL_W=3, PADDING_D=0, PADDING_H=0, PADDING_W=0, STRIDE_D=1, STRIDE_H=1, STRIDE_W=1, UNROLL=False, num_stages=2, num_warps=4
  triton_convolution3d_275 0.5898 ms 75.9% ALLOW_TF32=True, BLOCK_K=16, BLOCK_M=256, BLOCK_N=16, GROUPS=1, KERNEL_D=3, KERNEL_H=3, KERNEL_W=3, PADDING_D=0, PADDING_H=0, PADDING_W=0, STRIDE_D=1, STRIDE_H=1, STRIDE_W=1, UNROLL=False, num_stages=2, num_warps=4
  triton_convolution3d_276 0.6195 ms 72.2% ALLOW_TF32=True, BLOCK_K=16, BLOCK_M=1024, BLOCK_N=16, GROUPS=1, KERNEL_D=3, KERNEL_H=3, KERNEL_W=3, PADDING_D=0, PADDING_H=0, PADDING_W=0, STRIDE_D=1, STRIDE_H=1, STRIDE_W=1, UNROLL=False, num_stages=1, num_warps=8
  convolution 0.7578 ms 59.1% 
SingleProcess AUTOTUNE benchmarking takes 0.8482 seconds and 0.0002 seconds precompiling
AUTOTUNE convolution(1x16x3x46x82, 384x16x3x3x3)
  triton_convolution3d_11 0.0318 ms 100.0% ALLOW_TF32=True, BLOCK_K=16, BLOCK_M=256, BLOCK_N=64, GROUPS=1, KERNEL_D=3, KERNEL_H=3, KERNEL_W=3, PADDING_D=0, PADDING_H=0, PADDING_W=0, STRIDE_D=1, STRIDE_H=1, STRIDE_W=1, UNROLL=False, num_stages=2, num_warps=8
  triton_convolution3d_8 0.0359 ms 88.6% ALLOW_TF32=True, BLOCK_K=16, BLOCK_M=128, BLOCK_N=128, GROUPS=1, KERNEL_D=3, KERNEL_H=3, KERNEL_W=3, PADDING_D=0, PADDING_H=0, PADDING_W=0, STRIDE_D=1, STRIDE_H=1, STRIDE_W=1, UNROLL=False, num_stages=2, num_warps=8
  triton_convolution3d_6 0.0387 ms 82.1% ALLOW_TF32=True, BLOCK_K=16, BLOCK_M=256, BLOCK_N=64, GROUPS=1, KERNEL_D=3, KERNEL_H=3, KERNEL_W=3, PADDING_D=0, PADDING_H=0, PADDING_W=0, STRIDE_D=1, STRIDE_H=1, STRIDE_W=1, UNROLL=False, num_stages=2, num_warps=4
  convolution 0.0399 ms 79.6% 
  triton_convolution3d_7 0.0399 ms 79.6% ALLOW_TF32=True, BLOCK_K=16, BLOCK_M=1024, BLOCK_N=16, GROUPS=1, KERNEL_D=3, KERNEL_H=3, KERNEL_W=3, PADDING_D=0, PADDING_H=0, PADDING_W=0, STRIDE_D=1, STRIDE_H=1, STRIDE_W=1, UNROLL=False, num_stages=1, num_warps=8
  triton_convolution3d_9 0.0645 ms 49.3% ALLOW_TF32=True, BLOCK_K=16, BLOCK_M=64, BLOCK_N=64, GROUPS=1, KERNEL_D=3, KERNEL_H=3, KERNEL_W=3, PADDING_D=0, PADDING_H=0, PADDING_W=0, STRIDE_D=1, STRIDE_H=1, STRIDE_W=1, UNROLL=False, num_stages=2, num_warps=4
  triton_convolution3d_10 0.0696 ms 45.6% ALLOW_TF32=True, BLOCK_K=16, BLOCK_M=64, BLOCK_N=256, GROUPS=1, KERNEL_D=3, KERNEL_H=3, KERNEL_W=3, PADDING_D=0, PADDING_H=0, PADDING_W=0, STRIDE_D=1, STRIDE_H=1, STRIDE_W=1, UNROLL=False, num_stages=2, num_warps=8
  triton_convolution3d_5 0.1372 ms 23.2% ALLOW_TF32=True, BLOCK_K=16, BLOCK_M=64, BLOCK_N=256, GROUPS=1, KERNEL_D=3, KERNEL_H=3, KERNEL_W=3, PADDING_D=0, PADDING_H=0, PADDING_W=0, STRIDE_D=1, STRIDE_H=1, STRIDE_W=1, UNROLL=False, num_stages=2, num_warps=4
SingleProcess AUTOTUNE benchmarking takes 0.8511 seconds and 0.0002 seconds precompiling
E0901 17:03:40.760000 1343781 site-packages/torch/_inductor/select_algorithm.py:1300] [2/0] Exception out of resource: shared memory, Required: 147456, Hardware limit: 101376. Reducing block sizes or `num_stages` may help. for benchmark choice TritonTemplateCaller(/tmp/torchinductor_zy/ph/cph7xjgz73udfcdlihzjzvsh6b7xbjn6mpfqqnivyvlibdprr7o4.py, ACC_TYPE='tl.float32', ALLOW_TF32=False, BLOCK_K=128, BLOCK_M=64, BLOCK_N=128, B_PROLOGUE_CAST_TYPE=None, EVEN_K=True, GROUP_M=8, num_stages=4, num_warps=4)
E0901 17:03:40.760000 1343781 site-packages/torch/_inductor/select_algorithm.py:1300] [2/0] Exception out of resource: shared memory, Required: 131072, Hardware limit: 101376. Reducing block sizes or `num_stages` may help. for benchmark choice TritonTemplateCaller(/tmp/torchinductor_zy/vh/cvh7a2pigunqcrvf7i5our4vpr26gcrsqjdcezrrn4rcckqm2aqa.py, ACC_TYPE='tl.float32', ALLOW_TF32=False, BLOCK_K=128, BLOCK_M=64, BLOCK_N=64, B_PROLOGUE_CAST_TYPE=None, EVEN_K=True, GROUP_M=8, num_stages=5, num_warps=4)
E0901 17:03:40.760000 1343781 site-packages/torch/_inductor/select_algorithm.py:1300] [2/0] Exception out of resource: shared memory, Required: 131072, Hardware limit: 101376. Reducing block sizes or `num_stages` may help. for benchmark choice TritonTemplateCaller(/tmp/torchinductor_zy/df/cdflg2eum4jvjwc57ge5j7atmljme5gflhke77y4bo6kcshild2d.py, ACC_TYPE='tl.float32', ALLOW_TF32=False, BLOCK_K=64, BLOCK_M=128, BLOCK_N=128, B_PROLOGUE_CAST_TYPE=None, EVEN_K=True, GROUP_M=8, num_stages=5, num_warps=8)
W0901 17:03:41.821000 1343781 site-packages/torch/_inductor/select_algorithm.py:1517] [2/0] out of resource: shared memory, Required: 131072, Hardware limit: 101376. Reducing block sizes or `num_stages` may help.
W0901 17:03:42.138000 1343781 site-packages/torch/_inductor/select_algorithm.py:1517] [2/0] out of resource: shared memory, Required: 147456, Hardware limit: 101376. Reducing block sizes or `num_stages` may help.
W0901 17:03:42.664000 1343781 site-packages/torch/_inductor/select_algorithm.py:1517] [2/0] out of resource: shared memory, Required: 131072, Hardware limit: 101376. Reducing block sizes or `num_stages` may help.
AUTOTUNE addmm(3520x1152, 3520x384, 384x1152)
  triton_mm_39 0.0276 ms 100.0% ACC_TYPE='tl.float32', ALLOW_TF32=False, BLOCK_K=32, BLOCK_M=128, BLOCK_N=64, B_PROLOGUE_CAST_TYPE=None, EVEN_K=True, GROUP_M=8, num_stages=3, num_warps=4
  triton_mm_42 0.0276 ms 100.0% ACC_TYPE='tl.float32', ALLOW_TF32=False, BLOCK_K=32, BLOCK_M=128, BLOCK_N=128, B_PROLOGUE_CAST_TYPE=None, EVEN_K=True, GROUP_M=8, num_stages=3, num_warps=4
  triton_mm_35 0.0297 ms 93.1% ACC_TYPE='tl.float32', ALLOW_TF32=False, BLOCK_K=32, BLOCK_M=64, BLOCK_N=128, B_PROLOGUE_CAST_TYPE=None, EVEN_K=True, GROUP_M=8, num_stages=3, num_warps=4
  triton_mm_37 0.0297 ms 93.1% ACC_TYPE='tl.float32', ALLOW_TF32=False, BLOCK_K=64, BLOCK_M=64, BLOCK_N=128, B_PROLOGUE_CAST_TYPE=None, EVEN_K=True, GROUP_M=8, num_stages=3, num_warps=4
  bias_addmm 0.0307 ms 90.0% 
  triton_mm_36 0.0307 ms 90.0% ACC_TYPE='tl.float32', ALLOW_TF32=False, BLOCK_K=32, BLOCK_M=64, BLOCK_N=128, B_PROLOGUE_CAST_TYPE=None, EVEN_K=True, GROUP_M=8, num_stages=4, num_warps=8
  triton_mm_43 0.0307 ms 90.0% ACC_TYPE='tl.float32', ALLOW_TF32=False, BLOCK_K=64, BLOCK_M=128, BLOCK_N=128, B_PROLOGUE_CAST_TYPE=None, EVEN_K=True, GROUP_M=8, num_stages=3, num_warps=4
  triton_mm_33 0.0317 ms 87.1% ACC_TYPE='tl.float32', ALLOW_TF32=False, BLOCK_K=64, BLOCK_M=64, BLOCK_N=64, B_PROLOGUE_CAST_TYPE=None, EVEN_K=True, GROUP_M=8, num_stages=3, num_warps=8
  triton_mm_40 0.0317 ms 87.1% ACC_TYPE='tl.float32', ALLOW_TF32=False, BLOCK_K=32, BLOCK_M=128, BLOCK_N=64, B_PROLOGUE_CAST_TYPE=None, EVEN_K=True, GROUP_M=8, num_stages=4, num_warps=8
  triton_mm_32 0.0328 ms 84.4% ACC_TYPE='tl.float32', ALLOW_TF32=False, BLOCK_K=32, BLOCK_M=64, BLOCK_N=64, B_PROLOGUE_CAST_TYPE=None, EVEN_K=True, GROUP_M=8, num_stages=2, num_warps=4
SingleProcess AUTOTUNE benchmarking takes 1.9032 seconds and 0.0009 seconds precompiling
E0901 17:03:42.664000 1343781 site-packages/torch/_inductor/select_algorithm.py:1300] [2/0] Exception out of resource: shared memory, Required: 147456, Hardware limit: 101376. Reducing block sizes or `num_stages` may help. for benchmark choice TritonTemplateCaller(/tmp/torchinductor_zy/vy/cvyrd3nvhifheta6vltymqczqbnggxwugq7ijatbsd3isr6acall.py, ACC_TYPE='tl.float32', ALLOW_TF32=False, BLOCK_K=128, BLOCK_M=64, BLOCK_N=128, B_PROLOGUE_CAST_TYPE=None, EVEN_K=True, GROUP_M=8, num_stages=4, num_warps=4)
E0901 17:03:42.664000 1343781 site-packages/torch/_inductor/select_algorithm.py:1300] [2/0] Exception out of resource: shared memory, Required: 131072, Hardware limit: 101376. Reducing block sizes or `num_stages` may help. for benchmark choice TritonTemplateCaller(/tmp/torchinductor_zy/6r/c6r7boocy7gp7xavfnvv4wo2y6bvvma3ndayt42te3kbxupexc4m.py, ACC_TYPE='tl.float32', ALLOW_TF32=False, BLOCK_K=128, BLOCK_M=64, BLOCK_N=64, B_PROLOGUE_CAST_TYPE=None, EVEN_K=True, GROUP_M=8, num_stages=5, num_warps=4)
E0901 17:03:42.664000 1343781 site-packages/torch/_inductor/select_algorithm.py:1300] [2/0] Exception out of resource: shared memory, Required: 131072, Hardware limit: 101376. Reducing block sizes or `num_stages` may help. for benchmark choice TritonTemplateCaller(/tmp/torchinductor_zy/g4/cg4dvcjq2b3s2iaxnmzpp6pehcj7skq5ojzrep3krn2f4vhfe37u.py, ACC_TYPE='tl.float32', ALLOW_TF32=False, BLOCK_K=64, BLOCK_M=128, BLOCK_N=128, B_PROLOGUE_CAST_TYPE=None, EVEN_K=True, GROUP_M=8, num_stages=5, num_warps=8)
W0901 17:03:43.705000 1343781 site-packages/torch/_inductor/select_algorithm.py:1517] [2/0] out of resource: shared memory, Required: 131072, Hardware limit: 101376. Reducing block sizes or `num_stages` may help.
W0901 17:03:44.018000 1343781 site-packages/torch/_inductor/select_algorithm.py:1517] [2/0] out of resource: shared memory, Required: 147456, Hardware limit: 101376. Reducing block sizes or `num_stages` may help.
W0901 17:03:44.537000 1343781 site-packages/torch/_inductor/select_algorithm.py:1517] [2/0] out of resource: shared memory, Required: 131072, Hardware limit: 101376. Reducing block sizes or `num_stages` may help.
AUTOTUNE addmm(3520x384, 3520x384, 384x384)
  triton_mm_52 0.0143 ms 100.0% ACC_TYPE='tl.float32', ALLOW_TF32=False, BLOCK_K=64, BLOCK_M=64, BLOCK_N=64, B_PROLOGUE_CAST_TYPE=None, EVEN_K=True, GROUP_M=8, num_stages=3, num_warps=8
  triton_mm_62 0.0164 ms 87.3% ACC_TYPE='tl.float32', ALLOW_TF32=False, BLOCK_K=64, BLOCK_M=128, BLOCK_N=128, B_PROLOGUE_CAST_TYPE=None, EVEN_K=True, GROUP_M=8, num_stages=3, num_warps=4
  triton_mm_56 0.0174 ms 82.2% ACC_TYPE='tl.float32', ALLOW_TF32=False, BLOCK_K=64, BLOCK_M=64, BLOCK_N=128, B_PROLOGUE_CAST_TYPE=None, EVEN_K=True, GROUP_M=8, num_stages=3, num_warps=4
  bias_addmm 0.0195 ms 73.5% 
  triton_mm_59 0.0195 ms 73.5% ACC_TYPE='tl.float32', ALLOW_TF32=False, BLOCK_K=32, BLOCK_M=128, BLOCK_N=64, B_PROLOGUE_CAST_TYPE=None, EVEN_K=True, GROUP_M=8, num_stages=4, num_warps=8
  triton_mm_46 0.0205 ms 69.8% ACC_TYPE='tl.float32', ALLOW_TF32=False, BLOCK_K=128, BLOCK_M=32, BLOCK_N=32, B_PROLOGUE_CAST_TYPE=None, EVEN_K=True, GROUP_M=8, num_stages=2, num_warps=4
  triton_mm_51 0.0205 ms 69.8% ACC_TYPE='tl.float32', ALLOW_TF32=False, BLOCK_K=32, BLOCK_M=64, BLOCK_N=64, B_PROLOGUE_CAST_TYPE=None, EVEN_K=True, GROUP_M=8, num_stages=2, num_warps=4
  triton_mm_55 0.0211 ms 67.8% ACC_TYPE='tl.float32', ALLOW_TF32=False, BLOCK_K=32, BLOCK_M=64, BLOCK_N=128, B_PROLOGUE_CAST_TYPE=None, EVEN_K=True, GROUP_M=8, num_stages=4, num_warps=8
  triton_mm_47 0.0212 ms 67.4% ACC_TYPE='tl.float32', ALLOW_TF32=False, BLOCK_K=32, BLOCK_M=32, BLOCK_N=64, B_PROLOGUE_CAST_TYPE=None, EVEN_K=True, GROUP_M=8, num_stages=5, num_warps=8
  triton_mm_48 0.0215 ms 66.5% ACC_TYPE='tl.float32', ALLOW_TF32=False, BLOCK_K=32, BLOCK_M=64, BLOCK_N=32, B_PROLOGUE_CAST_TYPE=None, EVEN_K=True, GROUP_M=8, num_stages=5, num_warps=8
SingleProcess AUTOTUNE benchmarking takes 1.8731 seconds and 0.0007 seconds precompiling
AUTOTUNE convolution(1x192x3x90x162, 384x192x3x3x3)
  convolution 0.4506 ms 100.0% 
  triton_convolution3d_133 1.1807 ms 38.2% ALLOW_TF32=True, BLOCK_K=32, BLOCK_M=256, BLOCK_N=64, GROUPS=1, KERNEL_D=3, KERNEL_H=3, KERNEL_W=3, PADDING_D=0, PADDING_H=0, PADDING_W=0, STRIDE_D=1, STRIDE_H=1, STRIDE_W=1, UNROLL=False, num_stages=2, num_warps=8
  triton_convolution3d_128 1.1930 ms 37.8% ALLOW_TF32=True, BLOCK_K=16, BLOCK_M=256, BLOCK_N=64, GROUPS=1, KERNEL_D=3, KERNEL_H=3, KERNEL_W=3, PADDING_D=0, PADDING_H=0, PADDING_W=0, STRIDE_D=1, STRIDE_H=1, STRIDE_W=1, UNROLL=False, num_stages=2, num_warps=4
  triton_convolution3d_129 1.4776 ms 30.5% ALLOW_TF32=True, BLOCK_K=16, BLOCK_M=1024, BLOCK_N=16, GROUPS=1, KERNEL_D=3, KERNEL_H=3, KERNEL_W=3, PADDING_D=0, PADDING_H=0, PADDING_W=0, STRIDE_D=1, STRIDE_H=1, STRIDE_W=1, UNROLL=False, num_stages=1, num_warps=8
  triton_convolution3d_130 1.8127 ms 24.9% ALLOW_TF32=True, BLOCK_K=32, BLOCK_M=128, BLOCK_N=128, GROUPS=1, KERNEL_D=3, KERNEL_H=3, KERNEL_W=3, PADDING_D=0, PADDING_H=0, PADDING_W=0, STRIDE_D=1, STRIDE_H=1, STRIDE_W=1, UNROLL=False, num_stages=2, num_warps=8
  triton_convolution3d_132 3.0013 ms 15.0% ALLOW_TF32=True, BLOCK_K=32, BLOCK_M=64, BLOCK_N=256, GROUPS=1, KERNEL_D=3, KERNEL_H=3, KERNEL_W=3, PADDING_D=0, PADDING_H=0, PADDING_W=0, STRIDE_D=1, STRIDE_H=1, STRIDE_W=1, UNROLL=False, num_stages=2, num_warps=8
  triton_convolution3d_131 3.1109 ms 14.5% ALLOW_TF32=True, BLOCK_K=32, BLOCK_M=64, BLOCK_N=64, GROUPS=1, KERNEL_D=3, KERNEL_H=3, KERNEL_W=3, PADDING_D=0, PADDING_H=0, PADDING_W=0, STRIDE_D=1, STRIDE_H=1, STRIDE_W=1, UNROLL=False, num_stages=2, num_warps=4
  triton_convolution3d_127 3.7489 ms 12.0% ALLOW_TF32=True, BLOCK_K=16, BLOCK_M=64, BLOCK_N=256, GROUPS=1, KERNEL_D=3, KERNEL_H=3, KERNEL_W=3, PADDING_D=0, PADDING_H=0, PADDING_W=0, STRIDE_D=1, STRIDE_H=1, STRIDE_W=1, UNROLL=False, num_stages=2, num_warps=4
SingleProcess AUTOTUNE benchmarking takes 1.0630 seconds and 0.0002 seconds precompiling
E0901 17:03:45.710000 1343781 site-packages/torch/_inductor/select_algorithm.py:1503] [2/0] Runtime error during autotuning: 
E0901 17:03:45.710000 1343781 site-packages/torch/_inductor/select_algorithm.py:1503] [2/0] permute(sparse_coo): number of dimensions in the tensor input does not match the length of the desired ordering of dimensions i.e. input.dim() = 5 is not equal to len(dims) = 4. 
E0901 17:03:45.710000 1343781 site-packages/torch/_inductor/select_algorithm.py:1503] [2/0] Ignoring this choice.
AUTOTUNE convolution(1x192x1x88x160, 384x192x1x1x1)
  triton_convolution3d_145 0.0297 ms 100.0% ALLOW_TF32=True, BLOCK_K=32, BLOCK_M=64, BLOCK_N=64, GROUPS=1, KERNEL_D=1, KERNEL_H=1, KERNEL_W=1, PADDING_D=0, PADDING_H=0, PADDING_W=0, STRIDE_D=1, STRIDE_H=1, STRIDE_W=1, UNROLL=True, num_stages=2, num_warps=4
  triton_convolution3d_144 0.0305 ms 97.4% ALLOW_TF32=True, BLOCK_K=32, BLOCK_M=128, BLOCK_N=128, GROUPS=1, KERNEL_D=1, KERNEL_H=1, KERNEL_W=1, PADDING_D=0, PADDING_H=0, PADDING_W=0, STRIDE_D=1, STRIDE_H=1, STRIDE_W=1, UNROLL=True, num_stages=2, num_warps=8
  convolution 0.0328 ms 90.6% 
  triton_convolution3d_147 0.0345 ms 86.0% ALLOW_TF32=True, BLOCK_K=32, BLOCK_M=256, BLOCK_N=64, GROUPS=1, KERNEL_D=1, KERNEL_H=1, KERNEL_W=1, PADDING_D=0, PADDING_H=0, PADDING_W=0, STRIDE_D=1, STRIDE_H=1, STRIDE_W=1, UNROLL=True, num_stages=2, num_warps=8
  triton_convolution3d_141 0.0348 ms 85.3% ALLOW_TF32=True, BLOCK_K=16, BLOCK_M=64, BLOCK_N=256, GROUPS=1, KERNEL_D=1, KERNEL_H=1, KERNEL_W=1, PADDING_D=0, PADDING_H=0, PADDING_W=0, STRIDE_D=1, STRIDE_H=1, STRIDE_W=1, UNROLL=True, num_stages=2, num_warps=4
  triton_convolution3d_146 0.0389 ms 76.3% ALLOW_TF32=True, BLOCK_K=32, BLOCK_M=64, BLOCK_N=256, GROUPS=1, KERNEL_D=1, KERNEL_H=1, KERNEL_W=1, PADDING_D=0, PADDING_H=0, PADDING_W=0, STRIDE_D=1, STRIDE_H=1, STRIDE_W=1, UNROLL=True, num_stages=2, num_warps=8
  triton_convolution3d_142 0.0410 ms 72.5% ALLOW_TF32=True, BLOCK_K=16, BLOCK_M=256, BLOCK_N=64, GROUPS=1, KERNEL_D=1, KERNEL_H=1, KERNEL_W=1, PADDING_D=0, PADDING_H=0, PADDING_W=0, STRIDE_D=1, STRIDE_H=1, STRIDE_W=1, UNROLL=True, num_stages=2, num_warps=4
  triton_convolution3d_143 0.0481 ms 61.7% ALLOW_TF32=True, BLOCK_K=16, BLOCK_M=1024, BLOCK_N=16, GROUPS=1, KERNEL_D=1, KERNEL_H=1, KERNEL_W=1, PADDING_D=0, PADDING_H=0, PADDING_W=0, STRIDE_D=1, STRIDE_H=1, STRIDE_W=1, UNROLL=True, num_stages=1, num_warps=8
  conv1x1_via_mm inf ms 0.0% 
SingleProcess AUTOTUNE benchmarking takes 0.8406 seconds and 0.0002 seconds precompiling
AUTOTUNE convolution(1x384x176x320, 192x384x3x3)
  convolution 0.6049 ms 100.0% 
  triton_convolution2d_180 0.6287 ms 96.2% ALLOW_TF32=True, BLOCK_K=32, BLOCK_M=64, BLOCK_N=64, GROUPS=1, KERNEL_H=3, KERNEL_W=3, PADDING_H=1, PADDING_W=1, STRIDE_H=1, STRIDE_W=1, UNROLL=False, num_stages=2, num_warps=4
  triton_convolution2d_182 0.7187 ms 84.2% ALLOW_TF32=True, BLOCK_K=32, BLOCK_M=256, BLOCK_N=64, GROUPS=1, KERNEL_H=3, KERNEL_W=3, PADDING_H=1, PADDING_W=1, STRIDE_H=1, STRIDE_W=1, UNROLL=False, num_stages=2, num_warps=8
  triton_convolution2d_181 0.7472 ms 81.0% ALLOW_TF32=True, BLOCK_K=32, BLOCK_M=64, BLOCK_N=256, GROUPS=1, KERNEL_H=3, KERNEL_W=3, PADDING_H=1, PADDING_W=1, STRIDE_H=1, STRIDE_W=1, UNROLL=False, num_stages=2, num_warps=8
  triton_convolution2d_179 0.7803 ms 77.5% ALLOW_TF32=True, BLOCK_K=32, BLOCK_M=128, BLOCK_N=128, GROUPS=1, KERNEL_H=3, KERNEL_W=3, PADDING_H=1, PADDING_W=1, STRIDE_H=1, STRIDE_W=1, UNROLL=False, num_stages=2, num_warps=8
  triton_convolution2d_177 0.8100 ms 74.7% ALLOW_TF32=True, BLOCK_K=16, BLOCK_M=256, BLOCK_N=64, GROUPS=1, KERNEL_H=3, KERNEL_W=3, PADDING_H=1, PADDING_W=1, STRIDE_H=1, STRIDE_W=1, UNROLL=False, num_stages=2, num_warps=4
  triton_convolution2d_176 0.8253 ms 73.3% ALLOW_TF32=True, BLOCK_K=16, BLOCK_M=64, BLOCK_N=256, GROUPS=1, KERNEL_H=3, KERNEL_W=3, PADDING_H=1, PADDING_W=1, STRIDE_H=1, STRIDE_W=1, UNROLL=False, num_stages=2, num_warps=4
  triton_convolution2d_178 1.9487 ms 31.0% ALLOW_TF32=True, BLOCK_K=16, BLOCK_M=1024, BLOCK_N=16, GROUPS=1, KERNEL_H=3, KERNEL_W=3, PADDING_H=1, PADDING_W=1, STRIDE_H=1, STRIDE_W=1, UNROLL=False, num_stages=1, num_warps=8
SingleProcess AUTOTUNE benchmarking takes 0.9936 seconds and 0.0002 seconds precompiling
AUTOTUNE convolution(1x192x352x640, 96x192x3x3)
  convolution 0.6438 ms 100.0% 
  triton_convolution2d_230 0.6840 ms 94.1% ALLOW_TF32=True, BLOCK_K=32, BLOCK_M=64, BLOCK_N=128, GROUPS=1, KERNEL_H=3, KERNEL_W=3, PADDING_H=1, PADDING_W=1, STRIDE_H=1, STRIDE_W=1, UNROLL=False, num_stages=2, num_warps=8
  triton_convolution2d_229 0.7496 ms 85.9% ALLOW_TF32=True, BLOCK_K=32, BLOCK_M=64, BLOCK_N=64, GROUPS=1, KERNEL_H=3, KERNEL_W=3, PADDING_H=1, PADDING_W=1, STRIDE_H=1, STRIDE_W=1, UNROLL=False, num_stages=2, num_warps=4
  triton_convolution2d_228 0.7728 ms 83.3% ALLOW_TF32=True, BLOCK_K=32, BLOCK_M=128, BLOCK_N=128, GROUPS=1, KERNEL_H=3, KERNEL_W=3, PADDING_H=1, PADDING_W=1, STRIDE_H=1, STRIDE_W=1, UNROLL=False, num_stages=2, num_warps=8
  triton_convolution2d_231 0.8718 ms 73.9% ALLOW_TF32=True, BLOCK_K=32, BLOCK_M=256, BLOCK_N=64, GROUPS=1, KERNEL_H=3, KERNEL_W=3, PADDING_H=1, PADDING_W=1, STRIDE_H=1, STRIDE_W=1, UNROLL=False, num_stages=2, num_warps=8
  triton_convolution2d_226 0.9954 ms 64.7% ALLOW_TF32=True, BLOCK_K=16, BLOCK_M=256, BLOCK_N=64, GROUPS=1, KERNEL_H=3, KERNEL_W=3, PADDING_H=1, PADDING_W=1, STRIDE_H=1, STRIDE_W=1, UNROLL=False, num_stages=2, num_warps=4
  triton_convolution2d_225 0.9987 ms 64.5% ALLOW_TF32=True, BLOCK_K=16, BLOCK_M=64, BLOCK_N=128, GROUPS=1, KERNEL_H=3, KERNEL_W=3, PADDING_H=1, PADDING_W=1, STRIDE_H=1, STRIDE_W=1, UNROLL=False, num_stages=2, num_warps=4
  triton_convolution2d_227 2.5723 ms 25.0% ALLOW_TF32=True, BLOCK_K=16, BLOCK_M=1024, BLOCK_N=16, GROUPS=1, KERNEL_H=3, KERNEL_W=3, PADDING_H=1, PADDING_W=1, STRIDE_H=1, STRIDE_W=1, UNROLL=False, num_stages=1, num_warps=8
SingleProcess AUTOTUNE benchmarking takes 1.0069 seconds and 0.0002 seconds precompiling
AUTOTUNE convolution(1x96x6x354x642, 96x96x3x3x3)
  convolution 4.7770 ms 100.0% 
  triton_convolution3d_543 7.9524 ms 60.1% ALLOW_TF32=True, BLOCK_K=16, BLOCK_M=256, BLOCK_N=64, GROUPS=1, KERNEL_D=3, KERNEL_H=3, KERNEL_W=3, PADDING_D=0, PADDING_H=0, PADDING_W=0, STRIDE_D=1, STRIDE_H=1, STRIDE_W=1, UNROLL=False, num_stages=2, num_warps=4
  triton_convolution3d_548 10.0073 ms 47.7% ALLOW_TF32=True, BLOCK_K=32, BLOCK_M=256, BLOCK_N=64, GROUPS=1, KERNEL_D=3, KERNEL_H=3, KERNEL_W=3, PADDING_D=0, PADDING_H=0, PADDING_W=0, STRIDE_D=1, STRIDE_H=1, STRIDE_W=1, UNROLL=False, num_stages=2, num_warps=8
  triton_convolution3d_544 11.6060 ms 41.2% ALLOW_TF32=True, BLOCK_K=16, BLOCK_M=1024, BLOCK_N=16, GROUPS=1, KERNEL_D=3, KERNEL_H=3, KERNEL_W=3, PADDING_D=0, PADDING_H=0, PADDING_W=0, STRIDE_D=1, STRIDE_H=1, STRIDE_W=1, UNROLL=False, num_stages=1, num_warps=8
  triton_convolution3d_545 15.2310 ms 31.4% ALLOW_TF32=True, BLOCK_K=32, BLOCK_M=128, BLOCK_N=128, GROUPS=1, KERNEL_D=3, KERNEL_H=3, KERNEL_W=3, PADDING_D=0, PADDING_H=0, PADDING_W=0, STRIDE_D=1, STRIDE_H=1, STRIDE_W=1, UNROLL=False, num_stages=2, num_warps=8
  triton_convolution3d_547 24.4019 ms 19.6% ALLOW_TF32=True, BLOCK_K=32, BLOCK_M=64, BLOCK_N=128, GROUPS=1, KERNEL_D=3, KERNEL_H=3, KERNEL_W=3, PADDING_D=0, PADDING_H=0, PADDING_W=0, STRIDE_D=1, STRIDE_H=1, STRIDE_W=1, UNROLL=False, num_stages=2, num_warps=8
  triton_convolution3d_542 24.4920 ms 19.5% ALLOW_TF32=True, BLOCK_K=16, BLOCK_M=64, BLOCK_N=128, GROUPS=1, KERNEL_D=3, KERNEL_H=3, KERNEL_W=3, PADDING_D=0, PADDING_H=0, PADDING_W=0, STRIDE_D=1, STRIDE_H=1, STRIDE_W=1, UNROLL=False, num_stages=2, num_warps=4
  triton_convolution3d_546 25.4792 ms 18.7% ALLOW_TF32=True, BLOCK_K=32, BLOCK_M=64, BLOCK_N=64, GROUPS=1, KERNEL_D=3, KERNEL_H=3, KERNEL_W=3, PADDING_D=0, PADDING_H=0, PADDING_W=0, STRIDE_D=1, STRIDE_H=1, STRIDE_W=1, UNROLL=False, num_stages=2, num_warps=4
SingleProcess AUTOTUNE benchmarking takes 1.6892 seconds and 0.0003 seconds precompiling
AUTOTUNE convolution(1x192x6x178x322, 192x192x3x3x3)
  convolution 4.0905 ms 100.0% 
  triton_convolution3d_494 7.3728 ms 55.5% ALLOW_TF32=True, BLOCK_K=16, BLOCK_M=256, BLOCK_N=64, GROUPS=1, KERNEL_D=3, KERNEL_H=3, KERNEL_W=3, PADDING_D=0, PADDING_H=0, PADDING_W=0, STRIDE_D=1, STRIDE_H=1, STRIDE_W=1, UNROLL=False, num_stages=2, num_warps=4
  triton_convolution3d_499 9.5652 ms 42.8% ALLOW_TF32=True, BLOCK_K=32, BLOCK_M=256, BLOCK_N=64, GROUPS=1, KERNEL_D=3, KERNEL_H=3, KERNEL_W=3, PADDING_D=0, PADDING_H=0, PADDING_W=0, STRIDE_D=1, STRIDE_H=1, STRIDE_W=1, UNROLL=False, num_stages=2, num_warps=8
  triton_convolution3d_495 11.3097 ms 36.2% ALLOW_TF32=True, BLOCK_K=16, BLOCK_M=1024, BLOCK_N=16, GROUPS=1, KERNEL_D=3, KERNEL_H=3, KERNEL_W=3, PADDING_D=0, PADDING_H=0, PADDING_W=0, STRIDE_D=1, STRIDE_H=1, STRIDE_W=1, UNROLL=False, num_stages=1, num_warps=8
  triton_convolution3d_496 14.4476 ms 28.3% ALLOW_TF32=True, BLOCK_K=32, BLOCK_M=128, BLOCK_N=128, GROUPS=1, KERNEL_D=3, KERNEL_H=3, KERNEL_W=3, PADDING_D=0, PADDING_H=0, PADDING_W=0, STRIDE_D=1, STRIDE_H=1, STRIDE_W=1, UNROLL=False, num_stages=2, num_warps=8
  triton_convolution3d_498 23.0021 ms 17.8% ALLOW_TF32=True, BLOCK_K=32, BLOCK_M=64, BLOCK_N=256, GROUPS=1, KERNEL_D=3, KERNEL_H=3, KERNEL_W=3, PADDING_D=0, PADDING_H=0, PADDING_W=0, STRIDE_D=1, STRIDE_H=1, STRIDE_W=1, UNROLL=False, num_stages=2, num_warps=8
  triton_convolution3d_497 24.2176 ms 16.9% ALLOW_TF32=True, BLOCK_K=32, BLOCK_M=64, BLOCK_N=64, GROUPS=1, KERNEL_D=3, KERNEL_H=3, KERNEL_W=3, PADDING_D=0, PADDING_H=0, PADDING_W=0, STRIDE_D=1, STRIDE_H=1, STRIDE_W=1, UNROLL=False, num_stages=2, num_warps=4
  triton_convolution3d_493 28.8715 ms 14.2% ALLOW_TF32=True, BLOCK_K=16, BLOCK_M=64, BLOCK_N=256, GROUPS=1, KERNEL_D=3, KERNEL_H=3, KERNEL_W=3, PADDING_D=0, PADDING_H=0, PADDING_W=0, STRIDE_D=1, STRIDE_H=1, STRIDE_W=1, UNROLL=False, num_stages=2, num_warps=4
SingleProcess AUTOTUNE benchmarking takes 1.6827 seconds and 0.0003 seconds precompiling
AUTOTUNE convolution(1x384x4x90x162, 384x384x3x3x3)
  convolution 1.6466 ms 100.0% 
  triton_convolution3d_438 3.9987 ms 41.2% ALLOW_TF32=True, BLOCK_K=16, BLOCK_M=256, BLOCK_N=64, GROUPS=1, KERNEL_D=3, KERNEL_H=3, KERNEL_W=3, PADDING_D=0, PADDING_H=0, PADDING_W=0, STRIDE_D=1, STRIDE_H=1, STRIDE_W=1, UNROLL=False, num_stages=2, num_warps=4
  triton_convolution3d_443 4.5568 ms 36.1% ALLOW_TF32=True, BLOCK_K=32, BLOCK_M=256, BLOCK_N=64, GROUPS=1, KERNEL_D=3, KERNEL_H=3, KERNEL_W=3, PADDING_D=0, PADDING_H=0, PADDING_W=0, STRIDE_D=1, STRIDE_H=1, STRIDE_W=1, UNROLL=False, num_stages=2, num_warps=8
  triton_convolution3d_439 5.9696 ms 27.6% ALLOW_TF32=True, BLOCK_K=16, BLOCK_M=1024, BLOCK_N=16, GROUPS=1, KERNEL_D=3, KERNEL_H=3, KERNEL_W=3, PADDING_D=0, PADDING_H=0, PADDING_W=0, STRIDE_D=1, STRIDE_H=1, STRIDE_W=1, UNROLL=False, num_stages=1, num_warps=8
  triton_convolution3d_440 6.6458 ms 24.8% ALLOW_TF32=True, BLOCK_K=32, BLOCK_M=128, BLOCK_N=128, GROUPS=1, KERNEL_D=3, KERNEL_H=3, KERNEL_W=3, PADDING_D=0, PADDING_H=0, PADDING_W=0, STRIDE_D=1, STRIDE_H=1, STRIDE_W=1, UNROLL=False, num_stages=2, num_warps=8
  triton_convolution3d_442 12.0842 ms 13.6% ALLOW_TF32=True, BLOCK_K=32, BLOCK_M=64, BLOCK_N=256, GROUPS=1, KERNEL_D=3, KERNEL_H=3, KERNEL_W=3, PADDING_D=0, PADDING_H=0, PADDING_W=0, STRIDE_D=1, STRIDE_H=1, STRIDE_W=1, UNROLL=False, num_stages=2, num_warps=8
  triton_convolution3d_441 12.1269 ms 13.6% ALLOW_TF32=True, BLOCK_K=32, BLOCK_M=64, BLOCK_N=64, GROUPS=1, KERNEL_D=3, KERNEL_H=3, KERNEL_W=3, PADDING_D=0, PADDING_H=0, PADDING_W=0, STRIDE_D=1, STRIDE_H=1, STRIDE_W=1, UNROLL=False, num_stages=2, num_warps=4
  triton_convolution3d_437 15.5382 ms 10.6% ALLOW_TF32=True, BLOCK_K=16, BLOCK_M=64, BLOCK_N=256, GROUPS=1, KERNEL_D=3, KERNEL_H=3, KERNEL_W=3, PADDING_D=0, PADDING_H=0, PADDING_W=0, STRIDE_D=1, STRIDE_H=1, STRIDE_W=1, UNROLL=False, num_stages=2, num_warps=4
SingleProcess AUTOTUNE benchmarking takes 1.3434 seconds and 0.0003 seconds precompiling
AUTOTUNE convolution(1x96x6x354x642, 3x96x3x3x3)
  triton_convolution3d_564 1.5124 ms 100.0% ALLOW_TF32=True, BLOCK_K=16, BLOCK_M=256, BLOCK_N=16, GROUPS=1, KERNEL_D=3, KERNEL_H=3, KERNEL_W=3, PADDING_D=0, PADDING_H=0, PADDING_W=0, STRIDE_D=1, STRIDE_H=1, STRIDE_W=1, UNROLL=False, num_stages=2, num_warps=4
  triton_convolution3d_568 1.5272 ms 99.0% ALLOW_TF32=True, BLOCK_K=32, BLOCK_M=256, BLOCK_N=16, GROUPS=1, KERNEL_D=3, KERNEL_H=3, KERNEL_W=3, PADDING_D=0, PADDING_H=0, PADDING_W=0, STRIDE_D=1, STRIDE_H=1, STRIDE_W=1, UNROLL=False, num_stages=2, num_warps=8
  triton_convolution3d_566 1.6638 ms 90.9% ALLOW_TF32=True, BLOCK_K=32, BLOCK_M=128, BLOCK_N=16, GROUPS=1, KERNEL_D=3, KERNEL_H=3, KERNEL_W=3, PADDING_D=0, PADDING_H=0, PADDING_W=0, STRIDE_D=1, STRIDE_H=1, STRIDE_W=1, UNROLL=False, num_stages=2, num_warps=8
  convolution 1.9355 ms 78.1% 
  triton_convolution3d_565 1.9469 ms 77.7% ALLOW_TF32=True, BLOCK_K=16, BLOCK_M=1024, BLOCK_N=16, GROUPS=1, KERNEL_D=3, KERNEL_H=3, KERNEL_W=3, PADDING_D=0, PADDING_H=0, PADDING_W=0, STRIDE_D=1, STRIDE_H=1, STRIDE_W=1, UNROLL=False, num_stages=1, num_warps=8
  triton_convolution3d_567 1.9538 ms 77.4% ALLOW_TF32=True, BLOCK_K=32, BLOCK_M=64, BLOCK_N=16, GROUPS=1, KERNEL_D=3, KERNEL_H=3, KERNEL_W=3, PADDING_D=0, PADDING_H=0, PADDING_W=0, STRIDE_D=1, STRIDE_H=1, STRIDE_W=1, UNROLL=False, num_stages=2, num_warps=4
  triton_convolution3d_563 1.9732 ms 76.6% ALLOW_TF32=True, BLOCK_K=16, BLOCK_M=64, BLOCK_N=16, GROUPS=1, KERNEL_D=3, KERNEL_H=3, KERNEL_W=3, PADDING_D=0, PADDING_H=0, PADDING_W=0, STRIDE_D=1, STRIDE_H=1, STRIDE_W=1, UNROLL=False, num_stages=2, num_warps=4
SingleProcess AUTOTUNE benchmarking takes 0.9318 seconds and 0.0002 seconds precompiling
AUTOTUNE convolution(1x384x3x44x80, 768x384x3x1x1)
  triton_convolution3d_396 0.0993 ms 100.0% ALLOW_TF32=True, BLOCK_K=16, BLOCK_M=256, BLOCK_N=64, GROUPS=1, KERNEL_D=3, KERNEL_H=1, KERNEL_W=1, PADDING_D=0, PADDING_H=0, PADDING_W=0, STRIDE_D=1, STRIDE_H=1, STRIDE_W=1, UNROLL=False, num_stages=2, num_warps=4
  triton_convolution3d_399 0.1177 ms 84.4% ALLOW_TF32=True, BLOCK_K=32, BLOCK_M=64, BLOCK_N=64, GROUPS=1, KERNEL_D=3, KERNEL_H=1, KERNEL_W=1, PADDING_D=0, PADDING_H=0, PADDING_W=0, STRIDE_D=1, STRIDE_H=1, STRIDE_W=1, UNROLL=False, num_stages=2, num_warps=4
  triton_convolution3d_398 0.1393 ms 71.3% ALLOW_TF32=True, BLOCK_K=32, BLOCK_M=128, BLOCK_N=128, GROUPS=1, KERNEL_D=3, KERNEL_H=1, KERNEL_W=1, PADDING_D=0, PADDING_H=0, PADDING_W=0, STRIDE_D=1, STRIDE_H=1, STRIDE_W=1, UNROLL=False, num_stages=2, num_warps=8
  triton_convolution3d_397 0.1546 ms 64.2% ALLOW_TF32=True, BLOCK_K=16, BLOCK_M=1024, BLOCK_N=16, GROUPS=1, KERNEL_D=3, KERNEL_H=1, KERNEL_W=1, PADDING_D=0, PADDING_H=0, PADDING_W=0, STRIDE_D=1, STRIDE_H=1, STRIDE_W=1, UNROLL=False, num_stages=1, num_warps=8
  triton_convolution3d_401 0.1790 ms 55.5% ALLOW_TF32=True, BLOCK_K=32, BLOCK_M=256, BLOCK_N=64, GROUPS=1, KERNEL_D=3, KERNEL_H=1, KERNEL_W=1, PADDING_D=0, PADDING_H=0, PADDING_W=0, STRIDE_D=1, STRIDE_H=1, STRIDE_W=1, UNROLL=False, num_stages=2, num_warps=8
  triton_convolution3d_400 0.1852 ms 53.6% ALLOW_TF32=True, BLOCK_K=32, BLOCK_M=64, BLOCK_N=256, GROUPS=1, KERNEL_D=3, KERNEL_H=1, KERNEL_W=1, PADDING_D=0, PADDING_H=0, PADDING_W=0, STRIDE_D=1, STRIDE_H=1, STRIDE_W=1, UNROLL=False, num_stages=2, num_warps=8
  triton_convolution3d_395 0.2290 ms 43.4% ALLOW_TF32=True, BLOCK_K=16, BLOCK_M=64, BLOCK_N=256, GROUPS=1, KERNEL_D=3, KERNEL_H=1, KERNEL_W=1, PADDING_D=0, PADDING_H=0, PADDING_W=0, STRIDE_D=1, STRIDE_H=1, STRIDE_W=1, UNROLL=False, num_stages=2, num_warps=4
  convolution 0.2948 ms 33.7% 
SingleProcess AUTOTUNE benchmarking takes 0.8890 seconds and 0.0002 seconds precompiling
AUTOTUNE convolution(2x384x88x160, 192x384x3x3)
  convolution 0.3479 ms 100.0% 
  triton_convolution2d_406 0.3542 ms 98.2% ALLOW_TF32=True, BLOCK_K=32, BLOCK_M=64, BLOCK_N=64, GROUPS=1, KERNEL_H=3, KERNEL_W=3, PADDING_H=1, PADDING_W=1, STRIDE_H=1, STRIDE_W=1, UNROLL=False, num_stages=2, num_warps=4
  triton_convolution2d_408 0.3820 ms 91.1% ALLOW_TF32=True, BLOCK_K=32, BLOCK_M=256, BLOCK_N=64, GROUPS=1, KERNEL_H=3, KERNEL_W=3, PADDING_H=1, PADDING_W=1, STRIDE_H=1, STRIDE_W=1, UNROLL=False, num_stages=2, num_warps=8
  triton_convolution2d_407 0.4331 ms 80.3% ALLOW_TF32=True, BLOCK_K=32, BLOCK_M=64, BLOCK_N=256, GROUPS=1, KERNEL_H=3, KERNEL_W=3, PADDING_H=1, PADDING_W=1, STRIDE_H=1, STRIDE_W=1, UNROLL=False, num_stages=2, num_warps=8
  triton_convolution2d_405 0.4566 ms 76.2% ALLOW_TF32=True, BLOCK_K=32, BLOCK_M=128, BLOCK_N=128, GROUPS=1, KERNEL_H=3, KERNEL_W=3, PADDING_H=1, PADDING_W=1, STRIDE_H=1, STRIDE_W=1, UNROLL=False, num_stages=2, num_warps=8
  triton_convolution2d_403 0.4657 ms 74.7% ALLOW_TF32=True, BLOCK_K=16, BLOCK_M=256, BLOCK_N=64, GROUPS=1, KERNEL_H=3, KERNEL_W=3, PADDING_H=1, PADDING_W=1, STRIDE_H=1, STRIDE_W=1, UNROLL=False, num_stages=2, num_warps=4
  triton_convolution2d_402 0.4721 ms 73.7% ALLOW_TF32=True, BLOCK_K=16, BLOCK_M=64, BLOCK_N=256, GROUPS=1, KERNEL_H=3, KERNEL_W=3, PADDING_H=1, PADDING_W=1, STRIDE_H=1, STRIDE_W=1, UNROLL=False, num_stages=2, num_warps=4
  triton_convolution2d_404 0.9915 ms 35.1% ALLOW_TF32=True, BLOCK_K=16, BLOCK_M=1024, BLOCK_N=16, GROUPS=1, KERNEL_H=3, KERNEL_W=3, PADDING_H=1, PADDING_W=1, STRIDE_H=1, STRIDE_W=1, UNROLL=False, num_stages=1, num_warps=8
SingleProcess AUTOTUNE benchmarking takes 0.9560 seconds and 0.0003 seconds precompiling
AUTOTUNE convolution(1x192x4x90x162, 384x192x3x3x3)
  convolution 0.8407 ms 100.0% 
  triton_convolution3d_410 1.9937 ms 42.2% ALLOW_TF32=True, BLOCK_K=16, BLOCK_M=256, BLOCK_N=64, GROUPS=1, KERNEL_D=3, KERNEL_H=3, KERNEL_W=3, PADDING_D=0, PADDING_H=0, PADDING_W=0, STRIDE_D=1, STRIDE_H=1, STRIDE_W=1, UNROLL=False, num_stages=2, num_warps=4
  triton_convolution3d_415 2.3211 ms 36.2% ALLOW_TF32=True, BLOCK_K=32, BLOCK_M=256, BLOCK_N=64, GROUPS=1, KERNEL_D=3, KERNEL_H=3, KERNEL_W=3, PADDING_D=0, PADDING_H=0, PADDING_W=0, STRIDE_D=1, STRIDE_H=1, STRIDE_W=1, UNROLL=False, num_stages=2, num_warps=8
  triton_convolution3d_411 2.9944 ms 28.1% ALLOW_TF32=True, BLOCK_K=16, BLOCK_M=1024, BLOCK_N=16, GROUPS=1, KERNEL_D=3, KERNEL_H=3, KERNEL_W=3, PADDING_D=0, PADDING_H=0, PADDING_W=0, STRIDE_D=1, STRIDE_H=1, STRIDE_W=1, UNROLL=False, num_stages=1, num_warps=8
  triton_convolution3d_412 3.5543 ms 23.7% ALLOW_TF32=True, BLOCK_K=32, BLOCK_M=128, BLOCK_N=128, GROUPS=1, KERNEL_D=3, KERNEL_H=3, KERNEL_W=3, PADDING_D=0, PADDING_H=0, PADDING_W=0, STRIDE_D=1, STRIDE_H=1, STRIDE_W=1, UNROLL=False, num_stages=2, num_warps=8
  triton_convolution3d_414 5.9996 ms 14.0% ALLOW_TF32=True, BLOCK_K=32, BLOCK_M=64, BLOCK_N=256, GROUPS=1, KERNEL_D=3, KERNEL_H=3, KERNEL_W=3, PADDING_D=0, PADDING_H=0, PADDING_W=0, STRIDE_D=1, STRIDE_H=1, STRIDE_W=1, UNROLL=False, num_stages=2, num_warps=8
  triton_convolution3d_413 6.0997 ms 13.8% ALLOW_TF32=True, BLOCK_K=32, BLOCK_M=64, BLOCK_N=64, GROUPS=1, KERNEL_D=3, KERNEL_H=3, KERNEL_W=3, PADDING_D=0, PADDING_H=0, PADDING_W=0, STRIDE_D=1, STRIDE_H=1, STRIDE_W=1, UNROLL=False, num_stages=2, num_warps=4
  triton_convolution3d_409 7.4854 ms 11.2% ALLOW_TF32=True, BLOCK_K=16, BLOCK_M=64, BLOCK_N=256, GROUPS=1, KERNEL_D=3, KERNEL_H=3, KERNEL_W=3, PADDING_D=0, PADDING_H=0, PADDING_W=0, STRIDE_D=1, STRIDE_H=1, STRIDE_W=1, UNROLL=False, num_stages=2, num_warps=4
SingleProcess AUTOTUNE benchmarking takes 1.1592 seconds and 0.0003 seconds precompiling
E0901 17:04:24.735000 1343781 site-packages/torch/_inductor/select_algorithm.py:1503] [2/1] Runtime error during autotuning: 
E0901 17:04:24.735000 1343781 site-packages/torch/_inductor/select_algorithm.py:1503] [2/1] permute(sparse_coo): number of dimensions in the tensor input does not match the length of the desired ordering of dimensions i.e. input.dim() = 5 is not equal to len(dims) = 4. 
E0901 17:04:24.735000 1343781 site-packages/torch/_inductor/select_algorithm.py:1503] [2/1] Ignoring this choice.
AUTOTUNE convolution(1x192x2x88x160, 384x192x1x1x1)
  convolution 0.0522 ms 100.0% 
  triton_convolution3d_427 0.0562 ms 93.0% ALLOW_TF32=True, BLOCK_K=32, BLOCK_M=64, BLOCK_N=64, GROUPS=1, KERNEL_D=1, KERNEL_H=1, KERNEL_W=1, PADDING_D=0, PADDING_H=0, PADDING_W=0, STRIDE_D=1, STRIDE_H=1, STRIDE_W=1, UNROLL=True, num_stages=2, num_warps=4
  triton_convolution3d_429 0.0573 ms 91.1% ALLOW_TF32=True, BLOCK_K=32, BLOCK_M=256, BLOCK_N=64, GROUPS=1, KERNEL_D=1, KERNEL_H=1, KERNEL_W=1, PADDING_D=0, PADDING_H=0, PADDING_W=0, STRIDE_D=1, STRIDE_H=1, STRIDE_W=1, UNROLL=True, num_stages=2, num_warps=8
  triton_convolution3d_426 0.0594 ms 87.9% ALLOW_TF32=True, BLOCK_K=32, BLOCK_M=128, BLOCK_N=128, GROUPS=1, KERNEL_D=1, KERNEL_H=1, KERNEL_W=1, PADDING_D=0, PADDING_H=0, PADDING_W=0, STRIDE_D=1, STRIDE_H=1, STRIDE_W=1, UNROLL=True, num_stages=2, num_warps=8
  triton_convolution3d_424 0.0624 ms 83.7% ALLOW_TF32=True, BLOCK_K=16, BLOCK_M=256, BLOCK_N=64, GROUPS=1, KERNEL_D=1, KERNEL_H=1, KERNEL_W=1, PADDING_D=0, PADDING_H=0, PADDING_W=0, STRIDE_D=1, STRIDE_H=1, STRIDE_W=1, UNROLL=True, num_stages=2, num_warps=4
  triton_convolution3d_423 0.0696 ms 75.0% ALLOW_TF32=True, BLOCK_K=16, BLOCK_M=64, BLOCK_N=256, GROUPS=1, KERNEL_D=1, KERNEL_H=1, KERNEL_W=1, PADDING_D=0, PADDING_H=0, PADDING_W=0, STRIDE_D=1, STRIDE_H=1, STRIDE_W=1, UNROLL=True, num_stages=2, num_warps=4
  triton_convolution3d_428 0.0696 ms 75.0% ALLOW_TF32=True, BLOCK_K=32, BLOCK_M=64, BLOCK_N=256, GROUPS=1, KERNEL_D=1, KERNEL_H=1, KERNEL_W=1, PADDING_D=0, PADDING_H=0, PADDING_W=0, STRIDE_D=1, STRIDE_H=1, STRIDE_W=1, UNROLL=True, num_stages=2, num_warps=8
  triton_convolution3d_425 0.0790 ms 66.1% ALLOW_TF32=True, BLOCK_K=16, BLOCK_M=1024, BLOCK_N=16, GROUPS=1, KERNEL_D=1, KERNEL_H=1, KERNEL_W=1, PADDING_D=0, PADDING_H=0, PADDING_W=0, STRIDE_D=1, STRIDE_H=1, STRIDE_W=1, UNROLL=True, num_stages=1, num_warps=8
  conv1x1_via_mm inf ms 0.0% 
SingleProcess AUTOTUNE benchmarking takes 0.8498 seconds and 0.0002 seconds precompiling
AUTOTUNE convolution(1x384x4x88x160, 768x384x3x1x1)
  triton_convolution3d_459 0.5059 ms 100.0% ALLOW_TF32=True, BLOCK_K=16, BLOCK_M=256, BLOCK_N=64, GROUPS=1, KERNEL_D=3, KERNEL_H=1, KERNEL_W=1, PADDING_D=0, PADDING_H=0, PADDING_W=0, STRIDE_D=1, STRIDE_H=1, STRIDE_W=1, UNROLL=False, num_stages=2, num_warps=4
  triton_convolution3d_462 0.5356 ms 94.5% ALLOW_TF32=True, BLOCK_K=32, BLOCK_M=64, BLOCK_N=64, GROUPS=1, KERNEL_D=3, KERNEL_H=1, KERNEL_W=1, PADDING_D=0, PADDING_H=0, PADDING_W=0, STRIDE_D=1, STRIDE_H=1, STRIDE_W=1, UNROLL=False, num_stages=2, num_warps=4
  triton_convolution3d_461 0.6328 ms 79.9% ALLOW_TF32=True, BLOCK_K=32, BLOCK_M=128, BLOCK_N=128, GROUPS=1, KERNEL_D=3, KERNEL_H=1, KERNEL_W=1, PADDING_D=0, PADDING_H=0, PADDING_W=0, STRIDE_D=1, STRIDE_H=1, STRIDE_W=1, UNROLL=False, num_stages=2, num_warps=8
  triton_convolution3d_464 0.7292 ms 69.4% ALLOW_TF32=True, BLOCK_K=32, BLOCK_M=256, BLOCK_N=64, GROUPS=1, KERNEL_D=3, KERNEL_H=1, KERNEL_W=1, PADDING_D=0, PADDING_H=0, PADDING_W=0, STRIDE_D=1, STRIDE_H=1, STRIDE_W=1, UNROLL=False, num_stages=2, num_warps=8
  triton_convolution3d_460 0.8028 ms 63.0% ALLOW_TF32=True, BLOCK_K=16, BLOCK_M=1024, BLOCK_N=16, GROUPS=1, KERNEL_D=3, KERNEL_H=1, KERNEL_W=1, PADDING_D=0, PADDING_H=0, PADDING_W=0, STRIDE_D=1, STRIDE_H=1, STRIDE_W=1, UNROLL=False, num_stages=1, num_warps=8
  triton_convolution3d_463 0.8600 ms 58.8% ALLOW_TF32=True, BLOCK_K=32, BLOCK_M=64, BLOCK_N=256, GROUPS=1, KERNEL_D=3, KERNEL_H=1, KERNEL_W=1, PADDING_D=0, PADDING_H=0, PADDING_W=0, STRIDE_D=1, STRIDE_H=1, STRIDE_W=1, UNROLL=False, num_stages=2, num_warps=8
  triton_convolution3d_458 1.1213 ms 45.1% ALLOW_TF32=True, BLOCK_K=16, BLOCK_M=64, BLOCK_N=256, GROUPS=1, KERNEL_D=3, KERNEL_H=1, KERNEL_W=1, PADDING_D=0, PADDING_H=0, PADDING_W=0, STRIDE_D=1, STRIDE_H=1, STRIDE_W=1, UNROLL=False, num_stages=2, num_warps=4
  convolution 2.1279 ms 23.8% 
SingleProcess AUTOTUNE benchmarking takes 0.9964 seconds and 0.0002 seconds precompiling
AUTOTUNE convolution(4x384x176x320, 192x384x3x3)
  triton_convolution2d_469 2.2057 ms 100.0% ALLOW_TF32=True, BLOCK_K=32, BLOCK_M=64, BLOCK_N=64, GROUPS=1, KERNEL_H=3, KERNEL_W=3, PADDING_H=1, PADDING_W=1, STRIDE_H=1, STRIDE_W=1, UNROLL=False, num_stages=2, num_warps=4
  convolution 2.3900 ms 92.3% 
  triton_convolution2d_471 2.5426 ms 86.7% ALLOW_TF32=True, BLOCK_K=32, BLOCK_M=256, BLOCK_N=64, GROUPS=1, KERNEL_H=3, KERNEL_W=3, PADDING_H=1, PADDING_W=1, STRIDE_H=1, STRIDE_W=1, UNROLL=False, num_stages=2, num_warps=8
  triton_convolution2d_465 2.7843 ms 79.2% ALLOW_TF32=True, BLOCK_K=16, BLOCK_M=64, BLOCK_N=256, GROUPS=1, KERNEL_H=3, KERNEL_W=3, PADDING_H=1, PADDING_W=1, STRIDE_H=1, STRIDE_W=1, UNROLL=False, num_stages=2, num_warps=4
  triton_convolution2d_470 2.8774 ms 76.7% ALLOW_TF32=True, BLOCK_K=32, BLOCK_M=64, BLOCK_N=256, GROUPS=1, KERNEL_H=3, KERNEL_W=3, PADDING_H=1, PADDING_W=1, STRIDE_H=1, STRIDE_W=1, UNROLL=False, num_stages=2, num_warps=8
  triton_convolution2d_468 2.9860 ms 73.9% ALLOW_TF32=True, BLOCK_K=32, BLOCK_M=128, BLOCK_N=128, GROUPS=1, KERNEL_H=3, KERNEL_W=3, PADDING_H=1, PADDING_W=1, STRIDE_H=1, STRIDE_W=1, UNROLL=False, num_stages=2, num_warps=8
  triton_convolution2d_466 3.0556 ms 72.2% ALLOW_TF32=True, BLOCK_K=16, BLOCK_M=256, BLOCK_N=64, GROUPS=1, KERNEL_H=3, KERNEL_W=3, PADDING_H=1, PADDING_W=1, STRIDE_H=1, STRIDE_W=1, UNROLL=False, num_stages=2, num_warps=4
  triton_convolution2d_467 64.6205 ms 3.4% ALLOW_TF32=True, BLOCK_K=16, BLOCK_M=1024, BLOCK_N=16, GROUPS=1, KERNEL_H=3, KERNEL_W=3, PADDING_H=1, PADDING_W=1, STRIDE_H=1, STRIDE_W=1, UNROLL=False, num_stages=1, num_warps=8
SingleProcess AUTOTUNE benchmarking takes 1.4783 seconds and 0.0002 seconds precompiling
AUTOTUNE convolution(4x192x352x640, 96x192x3x3)
  convolution 2.4177 ms 100.0% 
  triton_convolution2d_519 2.6275 ms 92.0% ALLOW_TF32=True, BLOCK_K=32, BLOCK_M=64, BLOCK_N=128, GROUPS=1, KERNEL_H=3, KERNEL_W=3, PADDING_H=1, PADDING_W=1, STRIDE_H=1, STRIDE_W=1, UNROLL=False, num_stages=2, num_warps=8
  triton_convolution2d_518 2.7443 ms 88.1% ALLOW_TF32=True, BLOCK_K=32, BLOCK_M=64, BLOCK_N=64, GROUPS=1, KERNEL_H=3, KERNEL_W=3, PADDING_H=1, PADDING_W=1, STRIDE_H=1, STRIDE_W=1, UNROLL=False, num_stages=2, num_warps=4
  triton_convolution2d_517 2.9521 ms 81.9% ALLOW_TF32=True, BLOCK_K=32, BLOCK_M=128, BLOCK_N=128, GROUPS=1, KERNEL_H=3, KERNEL_W=3, PADDING_H=1, PADDING_W=1, STRIDE_H=1, STRIDE_W=1, UNROLL=False, num_stages=2, num_warps=8
  triton_convolution2d_520 3.2236 ms 75.0% ALLOW_TF32=True, BLOCK_K=32, BLOCK_M=256, BLOCK_N=64, GROUPS=1, KERNEL_H=3, KERNEL_W=3, PADDING_H=1, PADDING_W=1, STRIDE_H=1, STRIDE_W=1, UNROLL=False, num_stages=2, num_warps=8
  triton_convolution2d_515 3.2772 ms 73.8% ALLOW_TF32=True, BLOCK_K=16, BLOCK_M=256, BLOCK_N=64, GROUPS=1, KERNEL_H=3, KERNEL_W=3, PADDING_H=1, PADDING_W=1, STRIDE_H=1, STRIDE_W=1, UNROLL=False, num_stages=2, num_warps=4
  triton_convolution2d_514 3.3659 ms 71.8% ALLOW_TF32=True, BLOCK_K=16, BLOCK_M=64, BLOCK_N=128, GROUPS=1, KERNEL_H=3, KERNEL_W=3, PADDING_H=1, PADDING_W=1, STRIDE_H=1, STRIDE_W=1, UNROLL=False, num_stages=2, num_warps=4
  triton_convolution2d_516 8.6712 ms 27.9% ALLOW_TF32=True, BLOCK_K=16, BLOCK_M=1024, BLOCK_N=16, GROUPS=1, KERNEL_H=3, KERNEL_W=3, PADDING_H=1, PADDING_W=1, STRIDE_H=1, STRIDE_W=1, UNROLL=False, num_stages=1, num_warps=8
SingleProcess AUTOTUNE benchmarking takes 1.1441 seconds and 0.0002 seconds precompiling
E0901 17:04:54.672000 1343781 site-packages/torch/_inductor/select_algorithm.py:1503] [1/5] Runtime error during autotuning: 
E0901 17:04:54.672000 1343781 site-packages/torch/_inductor/select_algorithm.py:1503] [1/5] permute(sparse_coo): number of dimensions in the tensor input does not match the length of the desired ordering of dimensions i.e. input.dim() = 5 is not equal to len(dims) = 4. 
E0901 17:04:54.672000 1343781 site-packages/torch/_inductor/select_algorithm.py:1503] [1/5] Ignoring this choice.
AUTOTUNE convolution(1x192x2x88x160, 384x192x1x1x1)
  convolution 0.0543 ms 100.0% 
  triton_convolution3d_653 0.0696 ms 77.9% ALLOW_TF32=True, BLOCK_K=32, BLOCK_M=64, BLOCK_N=64, GROUPS=1, KERNEL_D=1, KERNEL_H=1, KERNEL_W=1, PADDING_D=0, PADDING_H=0, PADDING_W=0, STRIDE_D=1, STRIDE_H=1, STRIDE_W=1, UNROLL=True, num_stages=2, num_warps=4
  triton_convolution3d_650 0.0799 ms 67.9% ALLOW_TF32=True, BLOCK_K=16, BLOCK_M=256, BLOCK_N=64, GROUPS=1, KERNEL_D=1, KERNEL_H=1, KERNEL_W=1, PADDING_D=0, PADDING_H=0, PADDING_W=0, STRIDE_D=1, STRIDE_H=1, STRIDE_W=1, UNROLL=True, num_stages=2, num_warps=4
  triton_convolution3d_655 0.0829 ms 65.5% ALLOW_TF32=True, BLOCK_K=32, BLOCK_M=256, BLOCK_N=64, GROUPS=1, KERNEL_D=1, KERNEL_H=1, KERNEL_W=1, PADDING_D=0, PADDING_H=0, PADDING_W=0, STRIDE_D=1, STRIDE_H=1, STRIDE_W=1, UNROLL=True, num_stages=2, num_warps=8
  triton_convolution3d_652 0.0829 ms 65.4% ALLOW_TF32=True, BLOCK_K=32, BLOCK_M=128, BLOCK_N=128, GROUPS=1, KERNEL_D=1, KERNEL_H=1, KERNEL_W=1, PADDING_D=0, PADDING_H=0, PADDING_W=0, STRIDE_D=1, STRIDE_H=1, STRIDE_W=1, UNROLL=True, num_stages=2, num_warps=8
  triton_convolution3d_649 0.0840 ms 64.6% ALLOW_TF32=True, BLOCK_K=16, BLOCK_M=64, BLOCK_N=256, GROUPS=1, KERNEL_D=1, KERNEL_H=1, KERNEL_W=1, PADDING_D=0, PADDING_H=0, PADDING_W=0, STRIDE_D=1, STRIDE_H=1, STRIDE_W=1, UNROLL=True, num_stages=2, num_warps=4
  triton_convolution3d_654 0.0922 ms 58.9% ALLOW_TF32=True, BLOCK_K=32, BLOCK_M=64, BLOCK_N=256, GROUPS=1, KERNEL_D=1, KERNEL_H=1, KERNEL_W=1, PADDING_D=0, PADDING_H=0, PADDING_W=0, STRIDE_D=1, STRIDE_H=1, STRIDE_W=1, UNROLL=True, num_stages=2, num_warps=8
  triton_convolution3d_651 0.1249 ms 43.4% ALLOW_TF32=True, BLOCK_K=16, BLOCK_M=1024, BLOCK_N=16, GROUPS=1, KERNEL_D=1, KERNEL_H=1, KERNEL_W=1, PADDING_D=0, PADDING_H=0, PADDING_W=0, STRIDE_D=1, STRIDE_H=1, STRIDE_W=1, UNROLL=True, num_stages=1, num_warps=8
  conv1x1_via_mm inf ms 0.0% 
SingleProcess AUTOTUNE benchmarking takes 2.3530 seconds and 0.0000 seconds precompiling
AUTOTUNE convolution(1x192x4x90x162, 384x192x3x3x3)
  convolution 0.8417 ms 100.0% 
  triton_convolution3d_657 1.9937 ms 42.2% ALLOW_TF32=True, BLOCK_K=16, BLOCK_M=256, BLOCK_N=64, GROUPS=1, KERNEL_D=3, KERNEL_H=3, KERNEL_W=3, PADDING_D=0, PADDING_H=0, PADDING_W=0, STRIDE_D=1, STRIDE_H=1, STRIDE_W=1, UNROLL=False, num_stages=2, num_warps=4
  triton_convolution3d_662 2.4883 ms 33.8% ALLOW_TF32=True, BLOCK_K=32, BLOCK_M=256, BLOCK_N=64, GROUPS=1, KERNEL_D=3, KERNEL_H=3, KERNEL_W=3, PADDING_D=0, PADDING_H=0, PADDING_W=0, STRIDE_D=1, STRIDE_H=1, STRIDE_W=1, UNROLL=False, num_stages=2, num_warps=8
  triton_convolution3d_658 2.8918 ms 29.1% ALLOW_TF32=True, BLOCK_K=16, BLOCK_M=1024, BLOCK_N=16, GROUPS=1, KERNEL_D=3, KERNEL_H=3, KERNEL_W=3, PADDING_D=0, PADDING_H=0, PADDING_W=0, STRIDE_D=1, STRIDE_H=1, STRIDE_W=1, UNROLL=False, num_stages=1, num_warps=8
  triton_convolution3d_659 3.4150 ms 24.6% ALLOW_TF32=True, BLOCK_K=32, BLOCK_M=128, BLOCK_N=128, GROUPS=1, KERNEL_D=3, KERNEL_H=3, KERNEL_W=3, PADDING_D=0, PADDING_H=0, PADDING_W=0, STRIDE_D=1, STRIDE_H=1, STRIDE_W=1, UNROLL=False, num_stages=2, num_warps=8
  triton_convolution3d_661 5.9443 ms 14.2% ALLOW_TF32=True, BLOCK_K=32, BLOCK_M=64, BLOCK_N=256, GROUPS=1, KERNEL_D=3, KERNEL_H=3, KERNEL_W=3, PADDING_D=0, PADDING_H=0, PADDING_W=0, STRIDE_D=1, STRIDE_H=1, STRIDE_W=1, UNROLL=False, num_stages=2, num_warps=8
  triton_convolution3d_660 6.0416 ms 13.9% ALLOW_TF32=True, BLOCK_K=32, BLOCK_M=64, BLOCK_N=64, GROUPS=1, KERNEL_D=3, KERNEL_H=3, KERNEL_W=3, PADDING_D=0, PADDING_H=0, PADDING_W=0, STRIDE_D=1, STRIDE_H=1, STRIDE_W=1, UNROLL=False, num_stages=2, num_warps=4
  triton_convolution3d_656 6.8478 ms 12.3% ALLOW_TF32=True, BLOCK_K=16, BLOCK_M=64, BLOCK_N=256, GROUPS=1, KERNEL_D=3, KERNEL_H=3, KERNEL_W=3, PADDING_D=0, PADDING_H=0, PADDING_W=0, STRIDE_D=1, STRIDE_H=1, STRIDE_W=1, UNROLL=False, num_stages=2, num_warps=4
SingleProcess AUTOTUNE benchmarking takes 2.7311 seconds and 0.0000 seconds precompiling
AUTOTUNE convolution(1x384x4x90x162, 384x384x3x3x3)
  convolution 1.6456 ms 100.0% 
  triton_convolution3d_664 4.0264 ms 40.9% ALLOW_TF32=True, BLOCK_K=16, BLOCK_M=256, BLOCK_N=64, GROUPS=1, KERNEL_D=3, KERNEL_H=3, KERNEL_W=3, PADDING_D=0, PADDING_H=0, PADDING_W=0, STRIDE_D=1, STRIDE_H=1, STRIDE_W=1, UNROLL=False, num_stages=2, num_warps=4
  triton_convolution3d_669 4.7995 ms 34.3% ALLOW_TF32=True, BLOCK_K=32, BLOCK_M=256, BLOCK_N=64, GROUPS=1, KERNEL_D=3, KERNEL_H=3, KERNEL_W=3, PADDING_D=0, PADDING_H=0, PADDING_W=0, STRIDE_D=1, STRIDE_H=1, STRIDE_W=1, UNROLL=False, num_stages=2, num_warps=8
  triton_convolution3d_665 5.7518 ms 28.6% ALLOW_TF32=True, BLOCK_K=16, BLOCK_M=1024, BLOCK_N=16, GROUPS=1, KERNEL_D=3, KERNEL_H=3, KERNEL_W=3, PADDING_D=0, PADDING_H=0, PADDING_W=0, STRIDE_D=1, STRIDE_H=1, STRIDE_W=1, UNROLL=False, num_stages=1, num_warps=8
  triton_convolution3d_666 6.2566 ms 26.3% ALLOW_TF32=True, BLOCK_K=32, BLOCK_M=128, BLOCK_N=128, GROUPS=1, KERNEL_D=3, KERNEL_H=3, KERNEL_W=3, PADDING_D=0, PADDING_H=0, PADDING_W=0, STRIDE_D=1, STRIDE_H=1, STRIDE_W=1, UNROLL=False, num_stages=2, num_warps=8
  triton_convolution3d_668 11.8092 ms 13.9% ALLOW_TF32=True, BLOCK_K=32, BLOCK_M=64, BLOCK_N=256, GROUPS=1, KERNEL_D=3, KERNEL_H=3, KERNEL_W=3, PADDING_D=0, PADDING_H=0, PADDING_W=0, STRIDE_D=1, STRIDE_H=1, STRIDE_W=1, UNROLL=False, num_stages=2, num_warps=8
  triton_convolution3d_667 12.0484 ms 13.7% ALLOW_TF32=True, BLOCK_K=32, BLOCK_M=64, BLOCK_N=64, GROUPS=1, KERNEL_D=3, KERNEL_H=3, KERNEL_W=3, PADDING_D=0, PADDING_H=0, PADDING_W=0, STRIDE_D=1, STRIDE_H=1, STRIDE_W=1, UNROLL=False, num_stages=2, num_warps=4
  triton_convolution3d_663 14.0002 ms 11.8% ALLOW_TF32=True, BLOCK_K=16, BLOCK_M=64, BLOCK_N=256, GROUPS=1, KERNEL_D=3, KERNEL_H=3, KERNEL_W=3, PADDING_D=0, PADDING_H=0, PADDING_W=0, STRIDE_D=1, STRIDE_H=1, STRIDE_W=1, UNROLL=False, num_stages=2, num_warps=4
SingleProcess AUTOTUNE benchmarking takes 2.9288 seconds and 0.0000 seconds precompiling
W0901 17:05:07.398000 1343781 site-packages/torch/_dynamo/convert_frame.py:844] [1/8] torch._dynamo hit config.cache_size_limit (8)
W0901 17:05:07.398000 1343781 site-packages/torch/_dynamo/convert_frame.py:844] [1/8]    function: 'forward' (/home/zy/Matrix-Game/Matrix-Game-2/wan/modules/vae.py:28)
W0901 17:05:07.398000 1343781 site-packages/torch/_dynamo/convert_frame.py:844] [1/8]    last reason: 1/0: tensor 'L['x']' size mismatch at index 1. expected 16, actual 384
W0901 17:05:07.398000 1343781 site-packages/torch/_dynamo/convert_frame.py:844] [1/8] To log all recompilation reasons, use TORCH_LOGS="recompiles".
W0901 17:05:07.398000 1343781 site-packages/torch/_dynamo/convert_frame.py:844] [1/8] To diagnose recompilation issues, see https://pytorch.org/docs/main/torch.compiler_troubleshooting.html.
AUTOTUNE convolution(4x192x352x640, 96x192x3x3)
  convolution 3.6769 ms 100.0% 
  triton_convolution2d_671 3.9844 ms 92.3% ALLOW_TF32=True, BLOCK_K=16, BLOCK_M=256, BLOCK_N=64, GROUPS=1, KERNEL_H=3, KERNEL_W=3, PADDING_H=1, PADDING_W=1, STRIDE_H=1, STRIDE_W=1, UNROLL=False, num_stages=2, num_warps=4
  triton_convolution2d_676 4.9541 ms 74.2% ALLOW_TF32=True, BLOCK_K=32, BLOCK_M=256, BLOCK_N=64, GROUPS=1, KERNEL_H=3, KERNEL_W=3, PADDING_H=1, PADDING_W=1, STRIDE_H=1, STRIDE_W=1, UNROLL=False, num_stages=2, num_warps=8
  triton_convolution2d_674 5.9443 ms 61.9% ALLOW_TF32=True, BLOCK_K=32, BLOCK_M=64, BLOCK_N=64, GROUPS=1, KERNEL_H=3, KERNEL_W=3, PADDING_H=1, PADDING_W=1, STRIDE_H=1, STRIDE_W=1, UNROLL=False, num_stages=2, num_warps=4
  triton_convolution2d_672 6.1165 ms 60.1% ALLOW_TF32=True, BLOCK_K=16, BLOCK_M=1024, BLOCK_N=16, GROUPS=1, KERNEL_H=3, KERNEL_W=3, PADDING_H=1, PADDING_W=1, STRIDE_H=1, STRIDE_W=1, UNROLL=False, num_stages=1, num_warps=8
  triton_convolution2d_673 6.1932 ms 59.4% ALLOW_TF32=True, BLOCK_K=32, BLOCK_M=128, BLOCK_N=128, GROUPS=1, KERNEL_H=3, KERNEL_W=3, PADDING_H=1, PADDING_W=1, STRIDE_H=1, STRIDE_W=1, UNROLL=False, num_stages=2, num_warps=8
  triton_convolution2d_670 6.4164 ms 57.3% ALLOW_TF32=True, BLOCK_K=16, BLOCK_M=64, BLOCK_N=128, GROUPS=1, KERNEL_H=3, KERNEL_W=3, PADDING_H=1, PADDING_W=1, STRIDE_H=1, STRIDE_W=1, UNROLL=False, num_stages=2, num_warps=4
  triton_convolution2d_675 10.1731 ms 36.1% ALLOW_TF32=True, BLOCK_K=32, BLOCK_M=64, BLOCK_N=128, GROUPS=1, KERNEL_H=3, KERNEL_W=3, PADDING_H=1, PADDING_W=1, STRIDE_H=1, STRIDE_W=1, UNROLL=False, num_stages=2, num_warps=8
SingleProcess AUTOTUNE benchmarking takes 1.2484 seconds and 0.3835 seconds precompiling
  2%|▏         | 1/50 [02:04<1:41:55, 124.80s/it]  4%|▍         | 2/50 [02:05<41:23, 51.75s/it]     6%|▌         | 3/50 [02:06<22:19, 28.50s/it]  8%|▊         | 4/50 [02:07<13:28, 17.57s/it] 10%|█         | 5/50 [02:08<08:46, 11.69s/it] 12%|█▏        | 6/50 [02:09<05:51,  8.00s/it] 14%|█▍        | 7/50 [02:09<04:02,  5.65s/it] 16%|█▌        | 8/50 [02:10<02:52,  4.11s/it] 18%|█▊        | 9/50 [02:11<02:06,  3.09s/it] 20%|██        | 10/50 [02:12<01:35,  2.39s/it] 22%|██▏       | 11/50 [02:13<01:14,  1.91s/it] 24%|██▍       | 12/50 [02:14<00:59,  1.58s/it] 26%|██▌       | 13/50 [02:14<00:49,  1.35s/it] 28%|██▊       | 14/50 [02:15<00:42,  1.19s/it] 30%|███       | 15/50 [02:16<00:37,  1.08s/it] 32%|███▏      | 16/50 [02:17<00:34,  1.00s/it] 34%|███▍      | 17/50 [02:18<00:31,  1.05it/s] 36%|███▌      | 18/50 [02:19<00:29,  1.10it/s] 38%|███▊      | 19/50 [02:19<00:27,  1.13it/s] 40%|████      | 20/50 [02:20<00:26,  1.15it/s] 42%|████▏     | 21/50 [02:21<00:24,  1.17it/s] 44%|████▍     | 22/50 [02:22<00:23,  1.18it/s] 46%|████▌     | 23/50 [02:23<00:22,  1.19it/s] 48%|████▊     | 24/50 [02:23<00:21,  1.20it/s] 50%|█████     | 25/50 [02:24<00:20,  1.20it/s] 52%|█████▏    | 26/50 [02:25<00:19,  1.21it/s] 54%|█████▍    | 27/50 [02:26<00:19,  1.21it/s] 56%|█████▌    | 28/50 [02:27<00:18,  1.21it/s] 58%|█████▊    | 29/50 [02:28<00:17,  1.21it/s] 60%|██████    | 30/50 [02:28<00:16,  1.21it/s] 62%|██████▏   | 31/50 [02:29<00:15,  1.21it/s] 64%|██████▍   | 32/50 [02:30<00:14,  1.21it/s] 66%|██████▌   | 33/50 [02:31<00:14,  1.21it/s] 68%|██████▊   | 34/50 [02:32<00:13,  1.21it/s] 70%|███████   | 35/50 [02:33<00:12,  1.21it/s] 72%|███████▏  | 36/50 [02:33<00:11,  1.21it/s] 74%|███████▍  | 37/50 [02:34<00:10,  1.21it/s] 76%|███████▌  | 38/50 [02:35<00:09,  1.21it/s] 78%|███████▊  | 39/50 [02:36<00:09,  1.21it/s] 80%|████████  | 40/50 [02:37<00:08,  1.21it/s] 82%|████████▏ | 41/50 [02:37<00:07,  1.21it/s] 84%|████████▍ | 42/50 [02:38<00:06,  1.21it/s] 86%|████████▌ | 43/50 [02:39<00:05,  1.21it/s] 88%|████████▊ | 44/50 [02:40<00:04,  1.21it/s] 90%|█████████ | 45/50 [02:41<00:04,  1.21it/s] 92%|█████████▏| 46/50 [02:42<00:03,  1.21it/s] 94%|█████████▍| 47/50 [02:42<00:02,  1.21it/s] 96%|█████████▌| 48/50 [02:43<00:01,  1.21it/s] 98%|█████████▊| 49/50 [02:44<00:00,  1.21it/s]100%|██████████| 50/50 [02:45<00:00,  1.21it/s]100%|██████████| 50/50 [02:45<00:00,  3.31s/it]
Processing frame 1/597Processing frame 2/597Processing frame 3/597Processing frame 4/597Processing frame 5/597Processing frame 6/597Processing frame 7/597Processing frame 8/597Processing frame 9/597Processing frame 10/597Processing frame 11/597Processing frame 12/597Processing frame 13/597Processing frame 14/597Processing frame 15/597Processing frame 16/597Processing frame 17/597Processing frame 18/597Processing frame 19/597Processing frame 20/597Processing frame 21/597Processing frame 22/597Processing frame 23/597Processing frame 24/597Processing frame 25/597Processing frame 26/597Processing frame 27/597Processing frame 28/597Processing frame 29/597Processing frame 30/597Processing frame 31/597Processing frame 32/597Processing frame 33/597Processing frame 34/597Processing frame 35/597Processing frame 36/597Processing frame 37/597Processing frame 38/597Processing frame 39/597Processing frame 40/597Processing frame 41/597Processing frame 42/597Processing frame 43/597Processing frame 44/597Processing frame 45/597Processing frame 46/597Processing frame 47/597Processing frame 48/597Processing frame 49/597Processing frame 50/597Processing frame 51/597Processing frame 52/597Processing frame 53/597Processing frame 54/597Processing frame 55/597Processing frame 56/597Processing frame 57/597Processing frame 58/597Processing frame 59/597Processing frame 60/597Processing frame 61/597Processing frame 62/597Processing frame 63/597Processing frame 64/597Processing frame 65/597Processing frame 66/597Processing frame 67/597Processing frame 68/597Processing frame 69/597Processing frame 70/597Processing frame 71/597Processing frame 72/597Processing frame 73/597Processing frame 74/597Processing frame 75/597Processing frame 76/597Processing frame 77/597Processing frame 78/597Processing frame 79/597Processing frame 80/597Processing frame 81/597Processing frame 82/597Processing frame 83/597Processing frame 84/597Processing frame 85/597Processing frame 86/597Processing frame 87/597Processing frame 88/597Processing frame 89/597Processing frame 90/597Processing frame 91/597Processing frame 92/597Processing frame 93/597Processing frame 94/597Processing frame 95/597Processing frame 96/597Processing frame 97/597Processing frame 98/597Processing frame 99/597Processing frame 100/597Processing frame 101/597Processing frame 102/597Processing frame 103/597Processing frame 104/597Processing frame 105/597Processing frame 106/597Processing frame 107/597Processing frame 108/597Processing frame 109/597Processing frame 110/597Processing frame 111/597Processing frame 112/597Processing frame 113/597Processing frame 114/597Processing frame 115/597Processing frame 116/597Processing frame 117/597Processing frame 118/597Processing frame 119/597Processing frame 120/597Processing frame 121/597Processing frame 122/597Processing frame 123/597Processing frame 124/597Processing frame 125/597Processing frame 126/597Processing frame 127/597Processing frame 128/597Processing frame 129/597Processing frame 130/597Processing frame 131/597Processing frame 132/597Processing frame 133/597Processing frame 134/597Processing frame 135/597Processing frame 136/597Processing frame 137/597Processing frame 138/597Processing frame 139/597Processing frame 140/597Processing frame 141/597Processing frame 142/597Processing frame 143/597Processing frame 144/597Processing frame 145/597Processing frame 146/597Processing frame 147/597Processing frame 148/597Processing frame 149/597Processing frame 150/597Processing frame 151/597Processing frame 152/597Processing frame 153/597Processing frame 154/597Processing frame 155/597Processing frame 156/597Processing frame 157/597Processing frame 158/597Processing frame 159/597Processing frame 160/597Processing frame 161/597Processing frame 162/597Processing frame 163/597Processing frame 164/597Processing frame 165/597Processing frame 166/597Processing frame 167/597Processing frame 168/597Processing frame 169/597Processing frame 170/597Processing frame 171/597Processing frame 172/597Processing frame 173/597Processing frame 174/597Processing frame 175/597Processing frame 176/597Processing frame 177/597Processing frame 178/597Processing frame 179/597Processing frame 180/597Processing frame 181/597Processing frame 182/597Processing frame 183/597Processing frame 184/597Processing frame 185/597Processing frame 186/597Processing frame 187/597Processing frame 188/597Processing frame 189/597Processing frame 190/597Processing frame 191/597Processing frame 192/597Processing frame 193/597Processing frame 194/597Processing frame 195/597Processing frame 196/597Processing frame 197/597Processing frame 198/597Processing frame 199/597Processing frame 200/597Processing frame 201/597Processing frame 202/597Processing frame 203/597Processing frame 204/597Processing frame 205/597Processing frame 206/597Processing frame 207/597Processing frame 208/597Processing frame 209/597Processing frame 210/597Processing frame 211/597Processing frame 212/597Processing frame 213/597Processing frame 214/597Processing frame 215/597Processing frame 216/597Processing frame 217/597Processing frame 218/597Processing frame 219/597Processing frame 220/597Processing frame 221/597Processing frame 222/597Processing frame 223/597Processing frame 224/597Processing frame 225/597Processing frame 226/597Processing frame 227/597Processing frame 228/597Processing frame 229/597Processing frame 230/597Processing frame 231/597Processing frame 232/597Processing frame 233/597Processing frame 234/597Processing frame 235/597Processing frame 236/597Processing frame 237/597Processing frame 238/597Processing frame 239/597Processing frame 240/597Processing frame 241/597Processing frame 242/597Processing frame 243/597Processing frame 244/597Processing frame 245/597Processing frame 246/597Processing frame 247/597Processing frame 248/597Processing frame 249/597Processing frame 250/597Processing frame 251/597Processing frame 252/597Processing frame 253/597Processing frame 254/597Processing frame 255/597Processing frame 256/597Processing frame 257/597Processing frame 258/597Processing frame 259/597Processing frame 260/597Processing frame 261/597Processing frame 262/597Processing frame 263/597Processing frame 264/597Processing frame 265/597Processing frame 266/597Processing frame 267/597Processing frame 268/597Processing frame 269/597Processing frame 270/597Processing frame 271/597Processing frame 272/597Processing frame 273/597Processing frame 274/597Processing frame 275/597Processing frame 276/597Processing frame 277/597Processing frame 278/597Processing frame 279/597Processing frame 280/597Processing frame 281/597Processing frame 282/597Processing frame 283/597Processing frame 284/597Processing frame 285/597Processing frame 286/597Processing frame 287/597Processing frame 288/597Processing frame 289/597Processing frame 290/597Processing frame 291/597Processing frame 292/597Processing frame 293/597Processing frame 294/597Processing frame 295/597Processing frame 296/597Processing frame 297/597Processing frame 298/597Processing frame 299/597Processing frame 300/597Processing frame 301/597Processing frame 302/597Processing frame 303/597Processing frame 304/597Processing frame 305/597Processing frame 306/597Processing frame 307/597Processing frame 308/597Processing frame 309/597Processing frame 310/597Processing frame 311/597Processing frame 312/597Processing frame 313/597Processing frame 314/597Processing frame 315/597Processing frame 316/597Processing frame 317/597Processing frame 318/597Processing frame 319/597Processing frame 320/597Processing frame 321/597Processing frame 322/597Processing frame 323/597Processing frame 324/597Processing frame 325/597Processing frame 326/597Processing frame 327/597Processing frame 328/597Processing frame 329/597Processing frame 330/597Processing frame 331/597Processing frame 332/597Processing frame 333/597Processing frame 334/597Processing frame 335/597Processing frame 336/597Processing frame 337/597Processing frame 338/597Processing frame 339/597Processing frame 340/597Processing frame 341/597Processing frame 342/597Processing frame 343/597Processing frame 344/597Processing frame 345/597Processing frame 346/597Processing frame 347/597Processing frame 348/597Processing frame 349/597Processing frame 350/597Processing frame 351/597Processing frame 352/597Processing frame 353/597Processing frame 354/597Processing frame 355/597Processing frame 356/597Processing frame 357/597Processing frame 358/597Processing frame 359/597Processing frame 360/597Processing frame 361/597Processing frame 362/597Processing frame 363/597Processing frame 364/597Processing frame 365/597Processing frame 366/597Processing frame 367/597Processing frame 368/597Processing frame 369/597Processing frame 370/597Processing frame 371/597Processing frame 372/597Processing frame 373/597Processing frame 374/597Processing frame 375/597Processing frame 376/597Processing frame 377/597Processing frame 378/597Processing frame 379/597Processing frame 380/597Processing frame 381/597Processing frame 382/597Processing frame 383/597Processing frame 384/597Processing frame 385/597Processing frame 386/597Processing frame 387/597Processing frame 388/597Processing frame 389/597Processing frame 390/597Processing frame 391/597Processing frame 392/597Processing frame 393/597Processing frame 394/597Processing frame 395/597Processing frame 396/597Processing frame 397/597Processing frame 398/597Processing frame 399/597Processing frame 400/597Processing frame 401/597Processing frame 402/597Processing frame 403/597Processing frame 404/597Processing frame 405/597Processing frame 406/597Processing frame 407/597Processing frame 408/597Processing frame 409/597Processing frame 410/597Processing frame 411/597Processing frame 412/597Processing frame 413/597Processing frame 414/597Processing frame 415/597Processing frame 416/597Processing frame 417/597Processing frame 418/597Processing frame 419/597Processing frame 420/597Processing frame 421/597Processing frame 422/597Processing frame 423/597Processing frame 424/597Processing frame 425/597Processing frame 426/597Processing frame 427/597Processing frame 428/597Processing frame 429/597Processing frame 430/597Processing frame 431/597Processing frame 432/597Processing frame 433/597Processing frame 434/597Processing frame 435/597Processing frame 436/597Processing frame 437/597Processing frame 438/597Processing frame 439/597Processing frame 440/597Processing frame 441/597Processing frame 442/597Processing frame 443/597Processing frame 444/597Processing frame 445/597Processing frame 446/597Processing frame 447/597Processing frame 448/597Processing frame 449/597Processing frame 450/597Processing frame 451/597Processing frame 452/597Processing frame 453/597Processing frame 454/597Processing frame 455/597Processing frame 456/597Processing frame 457/597Processing frame 458/597Processing frame 459/597Processing frame 460/597Processing frame 461/597Processing frame 462/597Processing frame 463/597Processing frame 464/597Processing frame 465/597Processing frame 466/597Processing frame 467/597Processing frame 468/597Processing frame 469/597Processing frame 470/597Processing frame 471/597Processing frame 472/597Processing frame 473/597Processing frame 474/597Processing frame 475/597Processing frame 476/597Processing frame 477/597Processing frame 478/597Processing frame 479/597Processing frame 480/597Processing frame 481/597Processing frame 482/597Processing frame 483/597Processing frame 484/597Processing frame 485/597Processing frame 486/597Processing frame 487/597Processing frame 488/597Processing frame 489/597Processing frame 490/597Processing frame 491/597Processing frame 492/597Processing frame 493/597Processing frame 494/597Processing frame 495/597Processing frame 496/597Processing frame 497/597Processing frame 498/597Processing frame 499/597Processing frame 500/597Processing frame 501/597Processing frame 502/597Processing frame 503/597Processing frame 504/597Processing frame 505/597Processing frame 506/597Processing frame 507/597Processing frame 508/597Processing frame 509/597Processing frame 510/597Processing frame 511/597Processing frame 512/597Processing frame 513/597Processing frame 514/597Processing frame 515/597Processing frame 516/597Processing frame 517/597Processing frame 518/597Processing frame 519/597Processing frame 520/597Processing frame 521/597Processing frame 522/597Processing frame 523/597Processing frame 524/597Processing frame 525/597Processing frame 526/597Processing frame 527/597Processing frame 528/597Processing frame 529/597Processing frame 530/597Processing frame 531/597Processing frame 532/597Processing frame 533/597Processing frame 534/597Processing frame 535/597Processing frame 536/597Processing frame 537/597Processing frame 538/597Processing frame 539/597Processing frame 540/597Processing frame 541/597Processing frame 542/597Processing frame 543/597Processing frame 544/597Processing frame 545/597Processing frame 546/597Processing frame 547/597Processing frame 548/597Processing frame 549/597Processing frame 550/597Processing frame 551/597Processing frame 552/597Processing frame 553/597Processing frame 554/597Processing frame 555/597Processing frame 556/597Processing frame 557/597Processing frame 558/597Processing frame 559/597Processing frame 560/597Processing frame 561/597Processing frame 562/597Processing frame 563/597Processing frame 564/597Processing frame 565/597Processing frame 566/597Processing frame 567/597Processing frame 568/597Processing frame 569/597Processing frame 570/597Processing frame 571/597Processing frame 572/597Processing frame 573/597Processing frame 574/597Processing frame 575/597Processing frame 576/597Processing frame 577/597Processing frame 578/597Processing frame 579/597Processing frame 580/597Processing frame 581/597Processing frame 582/597Processing frame 583/597Processing frame 584/597Processing frame 585/597Processing frame 586/597Processing frame 587/597Processing frame 588/597Processing frame 589/597Processing frame 590/597Processing frame 591/597Processing frame 592/597Processing frame 593/597Processing frame 594/597Processing frame 595/597Processing frame 596/597Processing frame 597/597
Processing complete!
Processing frame 1/597Processing frame 2/597Processing frame 3/597Processing frame 4/597Processing frame 5/597Processing frame 6/597Processing frame 7/597Processing frame 8/597Processing frame 9/597Processing frame 10/597Processing frame 11/597Processing frame 12/597Processing frame 13/597Processing frame 14/597Processing frame 15/597Processing frame 16/597Processing frame 17/597Processing frame 18/597Processing frame 19/597Processing frame 20/597Processing frame 21/597Processing frame 22/597Processing frame 23/597Processing frame 24/597Processing frame 25/597Processing frame 26/597Processing frame 27/597Processing frame 28/597Processing frame 29/597Processing frame 30/597Processing frame 31/597Processing frame 32/597Processing frame 33/597Processing frame 34/597Processing frame 35/597Processing frame 36/597Processing frame 37/597Processing frame 38/597Processing frame 39/597Processing frame 40/597Processing frame 41/597Processing frame 42/597Processing frame 43/597Processing frame 44/597Processing frame 45/597Processing frame 46/597Processing frame 47/597Processing frame 48/597Processing frame 49/597Processing frame 50/597Processing frame 51/597Processing frame 52/597Processing frame 53/597Processing frame 54/597Processing frame 55/597Processing frame 56/597Processing frame 57/597Processing frame 58/597Processing frame 59/597Processing frame 60/597Processing frame 61/597Processing frame 62/597Processing frame 63/597Processing frame 64/597Processing frame 65/597Processing frame 66/597Processing frame 67/597Processing frame 68/597Processing frame 69/597Processing frame 70/597Processing frame 71/597Processing frame 72/597Processing frame 73/597Processing frame 74/597Processing frame 75/597Processing frame 76/597Processing frame 77/597Processing frame 78/597Processing frame 79/597Processing frame 80/597Processing frame 81/597Processing frame 82/597Processing frame 83/597Processing frame 84/597Processing frame 85/597Processing frame 86/597Processing frame 87/597Processing frame 88/597Processing frame 89/597Processing frame 90/597Processing frame 91/597Processing frame 92/597Processing frame 93/597Processing frame 94/597Processing frame 95/597Processing frame 96/597Processing frame 97/597Processing frame 98/597Processing frame 99/597Processing frame 100/597Processing frame 101/597Processing frame 102/597Processing frame 103/597Processing frame 104/597Processing frame 105/597Processing frame 106/597Processing frame 107/597Processing frame 108/597Processing frame 109/597Processing frame 110/597Processing frame 111/597Processing frame 112/597Processing frame 113/597Processing frame 114/597Processing frame 115/597Processing frame 116/597Processing frame 117/597Processing frame 118/597Processing frame 119/597Processing frame 120/597Processing frame 121/597Processing frame 122/597Processing frame 123/597Processing frame 124/597Processing frame 125/597Processing frame 126/597Processing frame 127/597Processing frame 128/597Processing frame 129/597Processing frame 130/597Processing frame 131/597Processing frame 132/597Processing frame 133/597Processing frame 134/597Processing frame 135/597Processing frame 136/597Processing frame 137/597Processing frame 138/597Processing frame 139/597Processing frame 140/597Processing frame 141/597Processing frame 142/597Processing frame 143/597Processing frame 144/597Processing frame 145/597Processing frame 146/597Processing frame 147/597Processing frame 148/597Processing frame 149/597Processing frame 150/597Processing frame 151/597Processing frame 152/597Processing frame 153/597Processing frame 154/597Processing frame 155/597Processing frame 156/597Processing frame 157/597Processing frame 158/597Processing frame 159/597Processing frame 160/597Processing frame 161/597Processing frame 162/597Processing frame 163/597Processing frame 164/597Processing frame 165/597Processing frame 166/597Processing frame 167/597Processing frame 168/597Processing frame 169/597Processing frame 170/597Processing frame 171/597Processing frame 172/597Processing frame 173/597Processing frame 174/597Processing frame 175/597Processing frame 176/597Processing frame 177/597Processing frame 178/597Processing frame 179/597Processing frame 180/597Processing frame 181/597Processing frame 182/597Processing frame 183/597Processing frame 184/597Processing frame 185/597Processing frame 186/597Processing frame 187/597Processing frame 188/597Processing frame 189/597Processing frame 190/597Processing frame 191/597Processing frame 192/597Processing frame 193/597Processing frame 194/597Processing frame 195/597Processing frame 196/597Processing frame 197/597Processing frame 198/597Processing frame 199/597Processing frame 200/597Processing frame 201/597Processing frame 202/597Processing frame 203/597Processing frame 204/597Processing frame 205/597Processing frame 206/597Processing frame 207/597Processing frame 208/597Processing frame 209/597Processing frame 210/597Processing frame 211/597Processing frame 212/597Processing frame 213/597Processing frame 214/597Processing frame 215/597Processing frame 216/597Processing frame 217/597Processing frame 218/597Processing frame 219/597Processing frame 220/597Processing frame 221/597Processing frame 222/597Processing frame 223/597Processing frame 224/597Processing frame 225/597Processing frame 226/597Processing frame 227/597Processing frame 228/597Processing frame 229/597Processing frame 230/597Processing frame 231/597Processing frame 232/597Processing frame 233/597Processing frame 234/597Processing frame 235/597Processing frame 236/597Processing frame 237/597Processing frame 238/597Processing frame 239/597Processing frame 240/597Processing frame 241/597Processing frame 242/597Processing frame 243/597Processing frame 244/597Processing frame 245/597Processing frame 246/597Processing frame 247/597Processing frame 248/597Processing frame 249/597Processing frame 250/597Processing frame 251/597Processing frame 252/597Processing frame 253/597Processing frame 254/597Processing frame 255/597Processing frame 256/597Processing frame 257/597Processing frame 258/597Processing frame 259/597Processing frame 260/597Processing frame 261/597Processing frame 262/597Processing frame 263/597Processing frame 264/597Processing frame 265/597Processing frame 266/597Processing frame 267/597Processing frame 268/597Processing frame 269/597Processing frame 270/597Processing frame 271/597Processing frame 272/597Processing frame 273/597Processing frame 274/597Processing frame 275/597Processing frame 276/597Processing frame 277/597Processing frame 278/597Processing frame 279/597Processing frame 280/597Processing frame 281/597Processing frame 282/597Processing frame 283/597Processing frame 284/597Processing frame 285/597Processing frame 286/597Processing frame 287/597Processing frame 288/597Processing frame 289/597Processing frame 290/597Processing frame 291/597Processing frame 292/597Processing frame 293/597Processing frame 294/597Processing frame 295/597Processing frame 296/597Processing frame 297/597Processing frame 298/597Processing frame 299/597Processing frame 300/597Processing frame 301/597Processing frame 302/597Processing frame 303/597Processing frame 304/597Processing frame 305/597Processing frame 306/597Processing frame 307/597Processing frame 308/597Processing frame 309/597Processing frame 310/597Processing frame 311/597Processing frame 312/597Processing frame 313/597Processing frame 314/597Processing frame 315/597Processing frame 316/597Processing frame 317/597Processing frame 318/597Processing frame 319/597Processing frame 320/597Processing frame 321/597Processing frame 322/597Processing frame 323/597Processing frame 324/597Processing frame 325/597Processing frame 326/597Processing frame 327/597Processing frame 328/597Processing frame 329/597Processing frame 330/597Processing frame 331/597Processing frame 332/597Processing frame 333/597Processing frame 334/597Processing frame 335/597Processing frame 336/597Processing frame 337/597Processing frame 338/597Processing frame 339/597Processing frame 340/597Processing frame 341/597Processing frame 342/597Processing frame 343/597Processing frame 344/597Processing frame 345/597Processing frame 346/597Processing frame 347/597Processing frame 348/597Processing frame 349/597Processing frame 350/597Processing frame 351/597Processing frame 352/597Processing frame 353/597Processing frame 354/597Processing frame 355/597Processing frame 356/597Processing frame 357/597Processing frame 358/597Processing frame 359/597Processing frame 360/597Processing frame 361/597Processing frame 362/597Processing frame 363/597Processing frame 364/597Processing frame 365/597Processing frame 366/597Processing frame 367/597Processing frame 368/597Processing frame 369/597Processing frame 370/597Processing frame 371/597Processing frame 372/597Processing frame 373/597Processing frame 374/597Processing frame 375/597Processing frame 376/597Processing frame 377/597Processing frame 378/597Processing frame 379/597Processing frame 380/597Processing frame 381/597Processing frame 382/597Processing frame 383/597Processing frame 384/597Processing frame 385/597Processing frame 386/597Processing frame 387/597Processing frame 388/597Processing frame 389/597Processing frame 390/597Processing frame 391/597Processing frame 392/597Processing frame 393/597Processing frame 394/597Processing frame 395/597Processing frame 396/597Processing frame 397/597Processing frame 398/597Processing frame 399/597Processing frame 400/597Processing frame 401/597Processing frame 402/597Processing frame 403/597Processing frame 404/597Processing frame 405/597Processing frame 406/597Processing frame 407/597Processing frame 408/597Processing frame 409/597Processing frame 410/597Processing frame 411/597Processing frame 412/597Processing frame 413/597Processing frame 414/597Processing frame 415/597Processing frame 416/597Processing frame 417/597Processing frame 418/597Processing frame 419/597Processing frame 420/597Processing frame 421/597Processing frame 422/597Processing frame 423/597Processing frame 424/597Processing frame 425/597Processing frame 426/597Processing frame 427/597Processing frame 428/597Processing frame 429/597Processing frame 430/597Processing frame 431/597Processing frame 432/597Processing frame 433/597Processing frame 434/597Processing frame 435/597Processing frame 436/597Processing frame 437/597Processing frame 438/597Processing frame 439/597Processing frame 440/597Processing frame 441/597Processing frame 442/597Processing frame 443/597Processing frame 444/597Processing frame 445/597Processing frame 446/597Processing frame 447/597Processing frame 448/597Processing frame 449/597Processing frame 450/597Processing frame 451/597Processing frame 452/597Processing frame 453/597Processing frame 454/597Processing frame 455/597Processing frame 456/597Processing frame 457/597Processing frame 458/597Processing frame 459/597Processing frame 460/597Processing frame 461/597Processing frame 462/597Processing frame 463/597Processing frame 464/597Processing frame 465/597Processing frame 466/597Processing frame 467/597Processing frame 468/597Processing frame 469/597Processing frame 470/597Processing frame 471/597Processing frame 472/597Processing frame 473/597Processing frame 474/597Processing frame 475/597Processing frame 476/597Processing frame 477/597Processing frame 478/597Processing frame 479/597Processing frame 480/597Processing frame 481/597Processing frame 482/597Processing frame 483/597Processing frame 484/597Processing frame 485/597Processing frame 486/597Processing frame 487/597Processing frame 488/597Processing frame 489/597Processing frame 490/597Processing frame 491/597Processing frame 492/597Processing frame 493/597Processing frame 494/597Processing frame 495/597Processing frame 496/597Processing frame 497/597Processing frame 498/597Processing frame 499/597Processing frame 500/597Processing frame 501/597Processing frame 502/597Processing frame 503/597Processing frame 504/597Processing frame 505/597Processing frame 506/597Processing frame 507/597Processing frame 508/597Processing frame 509/597Processing frame 510/597Processing frame 511/597Processing frame 512/597Processing frame 513/597Processing frame 514/597Processing frame 515/597Processing frame 516/597Processing frame 517/597Processing frame 518/597Processing frame 519/597Processing frame 520/597Processing frame 521/597Processing frame 522/597Processing frame 523/597Processing frame 524/597Processing frame 525/597Processing frame 526/597Processing frame 527/597Processing frame 528/597Processing frame 529/597Processing frame 530/597Processing frame 531/597Processing frame 532/597Processing frame 533/597Processing frame 534/597Processing frame 535/597Processing frame 536/597Processing frame 537/597Processing frame 538/597Processing frame 539/597Processing frame 540/597Processing frame 541/597Processing frame 542/597Processing frame 543/597Processing frame 544/597Processing frame 545/597Processing frame 546/597Processing frame 547/597Processing frame 548/597Processing frame 549/597Processing frame 550/597Processing frame 551/597Processing frame 552/597Processing frame 553/597Processing frame 554/597Processing frame 555/597Processing frame 556/597Processing frame 557/597Processing frame 558/597Processing frame 559/597Processing frame 560/597Processing frame 561/597Processing frame 562/597Processing frame 563/597Processing frame 564/597Processing frame 565/597Processing frame 566/597Processing frame 567/597Processing frame 568/597Processing frame 569/597Processing frame 570/597Processing frame 571/597Processing frame 572/597Processing frame 573/597Processing frame 574/597Processing frame 575/597Processing frame 576/597Processing frame 577/597Processing frame 578/597Processing frame 579/597Processing frame 580/597Processing frame 581/597Processing frame 582/597Processing frame 583/597Processing frame 584/597Processing frame 585/597Processing frame 586/597Processing frame 587/597Processing frame 588/597Processing frame 589/597Processing frame 590/597Processing frame 591/597Processing frame 592/597Processing frame 593/597Processing frame 594/597Processing frame 595/597Processing frame 596/597Processing frame 597/597
Processing complete!
Done
